[2026-09-28 15:02:23] ==================================================
[2026-09-28 15:02:23] === 啟動【多設備智慧切換 & iOS/iPadOS網路邏輯】背景監控服務 ===
[2026-09-28 15:02:23] 初始監控設備: 黃宇程的哀配 (192.168.1.102) | MAC: 30:e0:4f:da:b9:1c
[2026-09-28 15:02:23] 網路邏輯設定: iOS/iPadOS 5秒防推播驗證 (閾值: 5.0s)
[2026-09-28 15:02:23] 語音設定: 零廣播完全靜音模式 (全視覺化儀表板呈現)
[2026-09-28 15:02:23] ==================================================
[2026-09-28 15:03:05] ==================================================
[2026-09-28 15:03:05] === 啟動【多設備智慧切換 & iOS/iPadOS網路邏輯】背景監控服務 ===
[2026-09-28 15:03:05] 初始監控設備: 黃禹程的iPad (192.168.1.102) | MAC: 30:e0:4f:da:b9:1c
[2026-09-28 15:03:05] 網路邏輯設定: iOS/iPadOS 5秒防推播驗證 (閾值: 5.0s)
[2026-09-28 15:03:05] 語音設定: 零廣播完全靜音模式 (全視覺化儀表板呈現)
[2026-09-28 15:03:05] ==================================================
[2026-09-28 15:03:06] [CHECKING] 偵測到 黃禹程的iPad 連線訊號，正在進行 5 秒抗推播驗證...
[2026-09-28 15:03:07] [FILTERED] 偵測到 黃禹程的iPad APNs背景推播 (喚醒 1.2s < 5s)，已自動靜默過濾！
[2026-09-28 15:04:23] [CHECKING] 偵測到 黃禹程的iPad 連線訊號，正在進行 5 秒抗推播驗證...
[2026-09-28 15:04:28] >>> [DEVICE ONLINE] 黃禹程的iPad 已點亮螢幕解鎖 (連線已達 5.2 秒，通過 iOS 驗證)！<<<
[2026-09-28 15:04:29] --- [OFFLINE] 黃禹程的iPad 已鎖定休眠 / 離線 (本次使用 6 秒) ---
[2026-09-28 15:04:56] [CHECKING] 偵測到 黃禹程的iPad 連線訊號，正在進行 5 秒抗推播驗證...
[2026-09-28 15:05:00] [FILTERED] 偵測到 黃禹程的iPad APNs背景推播 (喚醒 3.1s < 5s)，已自動靜默過濾！
[2026-09-28 15:05:06] >>> [SWITCH TARGET] 監控目標已即時切換: 黃禹程的iPad -> HP LaserJet MFP M28w (7C20A9) (192.168.1.110) | MAC: 14:cb:19:7c:20:a9 <<<
[2026-09-28 15:05:06]     套用邏輯: 標準自適應心跳 (門檻: 1.0s)
[2026-09-28 15:05:06] >>> [ONLINE] HP LaserJet MFP M28w (7C20A9) 已連線在線！ <<<
[2026-09-28 15:05:07] >>> [SWITCH TARGET] 監控目標已即時切換: HP LaserJet MFP M28w (7C20A9) -> 黃禹程的iPad (192.168.1.102) | MAC: 30:e0:4f:da:b9:1c <<<
[2026-09-28 15:05:07]     套用邏輯: iOS/iPadOS 5秒抗推播驗證 (門檻: 5.0s)
[2026-09-28 15:05:26] >>> [SWITCH TARGET] 監控目標已即時切換: 黃禹程的iPad -> Apple iPhone (手機) (192.168.1.114) | MAC: e2:ad:31:a3:34:92 <<<
[2026-09-28 15:05:26]     套用邏輯: iOS/iPadOS 5秒抗推播驗證 (門檻: 5.0s)
[2026-09-28 15:05:26] [CHECKING] 偵測到 Apple iPhone (手機) 連線訊號，正在進行 5 秒抗推播驗證...
[2026-09-28 15:05:30] [FILTERED] 偵測到 Apple iPhone (手機) APNs背景推播 (喚醒 4.0s < 5s)，已自動靜默過濾！
[2026-09-28 15:05:30] [CHECKING] 偵測到 Apple iPhone (手機) 連線訊號，正在進行 5 秒抗推播驗證...
[2026-09-28 15:05:35] >>> [DEVICE ONLINE] Apple iPhone (手機) 已點亮螢幕解鎖 (連線已達 5.2 秒，通過 iOS 驗證)！<<<
[2026-09-28 15:05:45] [IN USE] Apple iPhone (手機) 正在使用中，本次已連線 15 秒
[2026-09-28 15:05:45] [IN USE] Apple iPhone (手機) 正在使用中，本次已連線 15 秒
[2026-09-28 15:05:45] [IN USE] Apple iPhone (手機) 正在使用中，本次已連線 15 秒
[2026-09-28 15:05:45] [IN USE] Apple iPhone (手機) 正在使用中，本次已連線 15 秒
[2026-09-28 15:05:46] [IN USE] Apple iPhone (手機) 正在使用中，本次已連線 15 秒
[2026-09-28 15:05:51] >>> [SWITCH TARGET] 監控目標已即時切換: Apple iPhone (手機) -> 黃禹程的iPad (192.168.1.102) | MAC: 30:e0:4f:da:b9:1c <<<
[2026-09-28 15:05:51]     套用邏輯: iOS/iPadOS 5秒抗推播驗證 (門檻: 5.0s)
[2026-09-28 15:06:12] [CHECKING] 偵測到 黃禹程的iPad 連線訊號，正在進行 5 秒抗推播驗證...
[2026-09-28 15:06:15] [FILTERED] 偵測到 黃禹程的iPad APNs背景推播 (喚醒 3.1s < 5s)，已自動靜默過濾！
[2026-09-28 15:06:48] [CHECKING] 偵測到 黃禹程的iPad 連線訊號，正在進行 5 秒抗推播驗證...
[2026-09-28 15:06:51] [FILTERED] 偵測到 黃禹程的iPad APNs背景推播 (喚醒 3.2s < 5s)，已自動靜默過濾！
[2026-09-28 15:06:53] [CHECKING] 偵測到 黃禹程的iPad 連線訊號，正在進行 5 秒抗推播驗證...
[2026-09-28 15:06:57] [FILTERED] 偵測到 黃禹程的iPad APNs背景推播 (喚醒 3.1s < 5s)，已自動靜默過濾！
[2026-09-28 15:07:05] >>> [SWITCH TARGET] 監控目標已即時切換: 黃禹程的iPad -> Apple iPhone (手機) (192.168.1.114) | MAC: e2:ad:31:a3:34:92 <<<
[2026-09-28 15:07:05]     套用邏輯: iOS/iPadOS 5秒抗推播驗證 (門檻: 5.0s)
[2026-09-28 15:07:05] [CHECKING] 偵測到 Apple iPhone (手機) 連線訊號，正在進行 5 秒抗推播驗證...
[2026-09-28 15:07:10] [FILTERED] 偵測到 Apple iPhone (手機) APNs背景推播 (喚醒 5.0s < 5s)，已自動靜默過濾！
[2026-09-28 15:07:10] [CHECKING] 偵測到 Apple iPhone (手機) 連線訊號，正在進行 5 秒抗推播驗證...
[2026-09-28 15:07:12] [FILTERED] 偵測到 Apple iPhone (手機) APNs背景推播 (喚醒 1.3s < 5s)，已自動靜默過濾！
[2026-09-28 15:07:36] [CHECKING] 偵測到 Apple iPhone (手機) 連線訊號，正在進行 5 秒抗推播驗證...
[2026-09-28 15:07:41] >>> [DEVICE ONLINE] Apple iPhone (手機) 已點亮螢幕解鎖 (連線已達 5.0 秒，通過 iOS 驗證)！<<<
[2026-09-28 15:07:52] [IN USE] Apple iPhone (手機) 正在使用中，本次已連線 15 秒
[2026-09-28 15:07:52] [IN USE] Apple iPhone (手機) 正在使用中，本次已連線 15 秒
[2026-09-28 15:07:52] [IN USE] Apple iPhone (手機) 正在使用中，本次已連線 15 秒
[2026-09-28 15:07:52] [IN USE] Apple iPhone (手機) 正在使用中，本次已連線 15 秒
[2026-09-28 15:07:52] [IN USE] Apple iPhone (手機) 正在使用中，本次已連線 15 秒
[2026-09-28 15:08:07] [IN USE] Apple iPhone (手機) 正在使用中，本次已連線 30 秒
[2026-09-28 15:08:07] [IN USE] Apple iPhone (手機) 正在使用中，本次已連線 30 秒
[2026-09-28 15:08:07] [IN USE] Apple iPhone (手機) 正在使用中，本次已連線 30 秒
[2026-09-28 15:08:07] [IN USE] Apple iPhone (手機) 正在使用中，本次已連線 30 秒
[2026-09-28 15:08:22] [IN USE] Apple iPhone (手機) 正在使用中，本次已連線 45 秒
[2026-09-28 15:08:22] [IN USE] Apple iPhone (手機) 正在使用中，本次已連線 45 秒
[2026-09-28 15:08:22] [IN USE] Apple iPhone (手機) 正在使用中，本次已連線 45 秒
[2026-09-28 15:08:22] [IN USE] Apple iPhone (手機) 正在使用中，本次已連線 45 秒
[2026-09-28 15:08:22] [IN USE] Apple iPhone (手機) 正在使用中，本次已連線 45 秒
[2026-09-28 15:08:36] [IN USE] Apple iPhone (手機) 正在使用中，本次已連線 60 秒
[2026-09-28 15:08:37] [IN USE] Apple iPhone (手機) 正在使用中，本次已連線 60 秒
[2026-09-28 15:08:37] [IN USE] Apple iPhone (手機) 正在使用中，本次已連線 60 秒
[2026-09-28 15:08:37] [IN USE] Apple iPhone (手機) 正在使用中，本次已連線 60 秒
[2026-09-28 15:08:37] [IN USE] Apple iPhone (手機) 正在使用中，本次已連線 60 秒
[2026-09-28 15:08:52] [IN USE] Apple iPhone (手機) 正在使用中，本次已連線 75 秒
[2026-09-28 15:08:52] [IN USE] Apple iPhone (手機) 正在使用中，本次已連線 75 秒
[2026-09-28 15:08:52] [IN USE] Apple iPhone (手機) 正在使用中，本次已連線 75 秒
[2026-09-28 15:08:52] [IN USE] Apple iPhone (手機) 正在使用中，本次已連線 75 秒
[2026-09-28 15:08:52] [IN USE] Apple iPhone (手機) 正在使用中，本次已連線 75 秒
[2026-09-28 15:09:07] [IN USE] Apple iPhone (手機) 正在使用中，本次已連線 90 秒
[2026-09-28 15:09:07] [IN USE] Apple iPhone (手機) 正在使用中，本次已連線 90 秒
[2026-09-28 15:09:07] [IN USE] Apple iPhone (手機) 正在使用中，本次已連線 90 秒
[2026-09-28 15:09:07] [IN USE] Apple iPhone (手機) 正在使用中，本次已連線 90 秒
[2026-09-28 15:09:07] [IN USE] Apple iPhone (手機) 正在使用中，本次已連線 90 秒
[2026-09-28 15:09:22] [IN USE] Apple iPhone (手機) 正在使用中，本次已連線 105 秒
[2026-09-28 15:09:22] [IN USE] Apple iPhone (手機) 正在使用中，本次已連線 105 秒
[2026-09-28 15:09:22] [IN USE] Apple iPhone (手機) 正在使用中，本次已連線 105 秒
[2026-09-28 15:09:22] [IN USE] Apple iPhone (手機) 正在使用中，本次已連線 105 秒
[2026-09-28 15:09:22] [IN USE] Apple iPhone (手機) 正在使用中，本次已連線 105 秒
[2026-09-28 15:09:37] [IN USE] Apple iPhone (手機) 正在使用中，本次已連線 120 秒
[2026-09-28 15:09:37] [IN USE] Apple iPhone (手機) 正在使用中，本次已連線 120 秒
[2026-09-28 15:09:37] [IN USE] Apple iPhone (手機) 正在使用中，本次已連線 120 秒
[2026-09-28 15:09:37] [IN USE] Apple iPhone (手機) 正在使用中，本次已連線 120 秒
[2026-09-28 15:09:37] [IN USE] Apple iPhone (手機) 正在使用中，本次已連線 120 秒
[2026-09-28 15:09:52] [IN USE] Apple iPhone (手機) 正在使用中，本次已連線 135 秒
[2026-09-28 15:09:52] [IN USE] Apple iPhone (手機) 正在使用中，本次已連線 135 秒
[2026-09-28 15:09:52] [IN USE] Apple iPhone (手機) 正在使用中，本次已連線 135 秒
[2026-09-28 15:09:52] [IN USE] Apple iPhone (手機) 正在使用中，本次已連線 135 秒
[2026-09-28 15:09:52] [IN USE] Apple iPhone (手機) 正在使用中，本次已連線 135 秒
[2026-09-28 15:10:06] [IN USE] Apple iPhone (手機) 正在使用中，本次已連線 150 秒
[2026-09-28 15:10:07] [IN USE] Apple iPhone (手機) 正在使用中，本次已連線 150 秒
[2026-09-28 15:10:07] [IN USE] Apple iPhone (手機) 正在使用中，本次已連線 150 秒
[2026-09-28 15:10:07] [IN USE] Apple iPhone (手機) 正在使用中，本次已連線 150 秒
[2026-09-28 15:10:07] [IN USE] Apple iPhone (手機) 正在使用中，本次已連線 150 秒
[2026-09-28 15:10:22] [IN USE] Apple iPhone (手機) 正在使用中，本次已連線 165 秒
[2026-09-28 15:10:22] [IN USE] Apple iPhone (手機) 正在使用中，本次已連線 165 秒
[2026-09-28 15:10:22] [IN USE] Apple iPhone (手機) 正在使用中，本次已連線 165 秒
[2026-09-28 15:10:22] [IN USE] Apple iPhone (手機) 正在使用中，本次已連線 165 秒
[2026-09-28 15:10:22] [IN USE] Apple iPhone (手機) 正在使用中，本次已連線 165 秒
[2026-09-28 15:10:37] [IN USE] Apple iPhone (手機) 正在使用中，本次已連線 180 秒
[2026-09-28 15:10:37] [IN USE] Apple iPhone (手機) 正在使用中，本次已連線 180 秒
[2026-09-28 15:10:37] [IN USE] Apple iPhone (手機) 正在使用中，本次已連線 180 秒
[2026-09-28 15:10:37] [IN USE] Apple iPhone (手機) 正在使用中，本次已連線 180 秒
[2026-09-28 15:10:37] [IN USE] Apple iPhone (手機) 正在使用中，本次已連線 180 秒
[2026-09-28 15:10:52] [IN USE] Apple iPhone (手機) 正在使用中，本次已連線 195 秒
[2026-09-28 15:10:52] [IN USE] Apple iPhone (手機) 正在使用中，本次已連線 195 秒
[2026-09-28 15:10:52] [IN USE] Apple iPhone (手機) 正在使用中，本次已連線 195 秒
[2026-09-28 15:10:52] [IN USE] Apple iPhone (手機) 正在使用中，本次已連線 195 秒
[2026-09-28 15:10:52] [IN USE] Apple iPhone (手機) 正在使用中，本次已連線 195 秒
[2026-09-28 15:11:06] [IN USE] Apple iPhone (手機) 正在使用中，本次已連線 210 秒
[2026-09-28 15:11:07] [IN USE] Apple iPhone (手機) 正在使用中，本次已連線 210 秒
[2026-09-28 15:11:07] [IN USE] Apple iPhone (手機) 正在使用中，本次已連線 210 秒
[2026-09-28 15:11:07] [IN USE] Apple iPhone (手機) 正在使用中，本次已連線 210 秒
[2026-09-28 15:11:07] [IN USE] Apple iPhone (手機) 正在使用中，本次已連線 210 秒
[2026-09-28 15:11:22] [IN USE] Apple iPhone (手機) 正在使用中，本次已連線 225 秒
[2026-09-28 15:11:22] [IN USE] Apple iPhone (手機) 正在使用中，本次已連線 225 秒
[2026-09-28 15:11:22] [IN USE] Apple iPhone (手機) 正在使用中，本次已連線 225 秒
[2026-09-28 15:11:22] [IN USE] Apple iPhone (手機) 正在使用中，本次已連線 225 秒
[2026-09-28 15:11:37] [IN USE] Apple iPhone (手機) 正在使用中，本次已連線 240 秒
[2026-09-28 15:11:37] [IN USE] Apple iPhone (手機) 正在使用中，本次已連線 240 秒
[2026-09-28 15:11:37] [IN USE] Apple iPhone (手機) 正在使用中，本次已連線 240 秒
[2026-09-28 15:11:37] [IN USE] Apple iPhone (手機) 正在使用中，本次已連線 240 秒
[2026-09-28 15:11:37] [IN USE] Apple iPhone (手機) 正在使用中，本次已連線 240 秒
[2026-09-28 15:11:52] [IN USE] Apple iPhone (手機) 正在使用中，本次已連線 255 秒
[2026-09-28 15:11:52] [IN USE] Apple iPhone (手機) 正在使用中，本次已連線 255 秒
[2026-09-28 15:11:52] [IN USE] Apple iPhone (手機) 正在使用中，本次已連線 255 秒
[2026-09-28 15:11:52] [IN USE] Apple iPhone (手機) 正在使用中，本次已連線 255 秒
[2026-09-28 15:11:52] [IN USE] Apple iPhone (手機) 正在使用中，本次已連線 255 秒
[2026-09-28 15:12:07] [IN USE] Apple iPhone (手機) 正在使用中，本次已連線 270 秒
[2026-09-28 15:12:07] [IN USE] Apple iPhone (手機) 正在使用中，本次已連線 270 秒
[2026-09-28 15:12:07] [IN USE] Apple iPhone (手機) 正在使用中，本次已連線 270 秒
[2026-09-28 15:12:07] [IN USE] Apple iPhone (手機) 正在使用中，本次已連線 270 秒
[2026-09-28 15:12:07] [IN USE] Apple iPhone (手機) 正在使用中，本次已連線 270 秒
[2026-09-28 15:12:22] [IN USE] Apple iPhone (手機) 正在使用中，本次已連線 285 秒
[2026-09-28 15:12:22] [IN USE] Apple iPhone (手機) 正在使用中，本次已連線 285 秒
[2026-09-28 15:12:22] [IN USE] Apple iPhone (手機) 正在使用中，本次已連線 285 秒
[2026-09-28 15:12:22] [IN USE] Apple iPhone (手機) 正在使用中，本次已連線 285 秒
[2026-09-28 15:12:22] [IN USE] Apple iPhone (手機) 正在使用中，本次已連線 285 秒
[2026-09-28 15:12:37] [IN USE] Apple iPhone (手機) 正在使用中，本次已連線 300 秒
[2026-09-28 15:12:37] [IN USE] Apple iPhone (手機) 正在使用中，本次已連線 300 秒
[2026-09-28 15:12:37] [IN USE] Apple iPhone (手機) 正在使用中，本次已連線 300 秒
[2026-09-28 15:12:37] [IN USE] Apple iPhone (手機) 正在使用中，本次已連線 300 秒
[2026-09-28 15:12:37] [IN USE] Apple iPhone (手機) 正在使用中，本次已連線 300 秒
[2026-09-28 15:12:45] --- [OFFLINE] Apple iPhone (手機) 已鎖定休眠 / 離線 (本次使用 308 秒) ---
[2026-09-28 15:12:47] [CHECKING] 偵測到 Apple iPhone (手機) 連線訊號，正在進行 5 秒抗推播驗證...
[2026-09-28 15:12:48] [FILTERED] 偵測到 Apple iPhone (手機) APNs背景推播 (喚醒 1.2s < 5s)，已自動靜默過濾！
[2026-09-28 15:12:49] [CHECKING] 偵測到 Apple iPhone (手機) 連線訊號，正在進行 5 秒抗推播驗證...
[2026-09-28 15:12:54] >>> [DEVICE ONLINE] Apple iPhone (手機) 已點亮螢幕解鎖 (連線已達 5.1 秒，通過 iOS 驗證)！<<<
[2026-09-28 15:13:04] [IN USE] Apple iPhone (手機) 正在使用中，本次已連線 15 秒
[2026-09-28 15:13:04] [IN USE] Apple iPhone (手機) 正在使用中，本次已連線 15 秒
[2026-09-28 15:13:04] [IN USE] Apple iPhone (手機) 正在使用中，本次已連線 15 秒
[2026-09-28 15:13:04] [IN USE] Apple iPhone (手機) 正在使用中，本次已連線 15 秒
[2026-09-28 15:13:04] [IN USE] Apple iPhone (手機) 正在使用中，本次已連線 15 秒
[2026-09-28 15:13:08] >>> [SWITCH TARGET] 監控目標已即時切換: Apple iPhone (手機) -> 黃禹程的iPad (192.168.1.102) | MAC: 30:e0:4f:da:b9:1c <<<
[2026-09-28 15:13:08]     套用邏輯: iOS/iPadOS 5秒抗推播驗證 (門檻: 5.0s)
[2026-09-28 15:13:09] [CHECKING] 偵測到 黃禹程的iPad 連線訊號，正在進行 5 秒抗推播驗證...
[2026-09-28 15:13:10] [FILTERED] 偵測到 黃禹程的iPad APNs背景推播 (喚醒 1.1s < 5s)，已自動靜默過濾！
[2026-09-28 15:13:31] [CHECKING] 偵測到 黃禹程的iPad 連線訊號，正在進行 5 秒抗推播驗證...
[2026-09-28 15:13:34] [FILTERED] 偵測到 黃禹程的iPad APNs背景推播 (喚醒 3.1s < 5s)，已自動靜默過濾！
[2026-09-28 15:14:25] [CHECKING] 偵測到 黃禹程的iPad 連線訊號，正在進行 5 秒抗推播驗證...
[2026-09-28 15:14:28] [FILTERED] 偵測到 黃禹程的iPad APNs背景推播 (喚醒 3.1s < 5s)，已自動靜默過濾！
[2026-09-28 15:14:31] [CHECKING] 偵測到 黃禹程的iPad 連線訊號，正在進行 5 秒抗推播驗證...
[2026-09-28 15:14:34] [FILTERED] 偵測到 黃禹程的iPad APNs背景推播 (喚醒 3.1s < 5s)，已自動靜默過濾！
[2026-09-28 15:14:36] [CHECKING] 偵測到 黃禹程的iPad 連線訊號，正在進行 5 秒抗推播驗證...
[2026-09-28 15:14:39] [FILTERED] 偵測到 黃禹程的iPad APNs背景推播 (喚醒 3.1s < 5s)，已自動靜默過濾！
[2026-09-28 15:15:08] [CHECKING] 偵測到 黃禹程的iPad 連線訊號，正在進行 5 秒抗推播驗證...
[2026-09-28 15:15:11] [FILTERED] 偵測到 黃禹程的iPad APNs背景推播 (喚醒 3.0s < 5s)，已自動靜默過濾！
[2026-09-28 15:15:35] [CHECKING] 偵測到 黃禹程的iPad 連線訊號，正在進行 5 秒抗推播驗證...
[2026-09-28 15:15:38] [FILTERED] 偵測到 黃禹程的iPad APNs背景推播 (喚醒 3.2s < 5s)，已自動靜默過濾！
[2026-09-28 15:15:40] >>> [SWITCH TARGET] 監控目標已即時切換: 黃禹程的iPad -> Samsung QN85BA 65 (QA65QN85BAWXZW) (192.168.1.111) | MAC: f0:70:4f:7a:7f:4e <<<
[2026-09-28 15:15:40]     套用邏輯: 標準自適應心跳 (門檻: 1.0s)
[2026-09-28 15:15:40] >>> [ONLINE] Samsung QN85BA 65 (QA65QN85BAWXZW) 已連線在線！ <<<
[2026-09-28 15:15:55] [IN USE] Samsung QN85BA 65 (QA65QN85BAWXZW) 正在使用中，本次已連線 15 秒
[2026-09-28 15:15:55] [IN USE] Samsung QN85BA 65 (QA65QN85BAWXZW) 正在使用中，本次已連線 15 秒
[2026-09-28 15:15:55] [IN USE] Samsung QN85BA 65 (QA65QN85BAWXZW) 正在使用中，本次已連線 15 秒
[2026-09-28 15:15:55] [IN USE] Samsung QN85BA 65 (QA65QN85BAWXZW) 正在使用中，本次已連線 15 秒
[2026-09-28 15:15:56] [IN USE] Samsung QN85BA 65 (QA65QN85BAWXZW) 正在使用中，本次已連線 15 秒
[2026-09-28 15:16:10] [IN USE] Samsung QN85BA 65 (QA65QN85BAWXZW) 正在使用中，本次已連線 30 秒
[2026-09-28 15:16:10] [IN USE] Samsung QN85BA 65 (QA65QN85BAWXZW) 正在使用中，本次已連線 30 秒
[2026-09-28 15:16:10] [IN USE] Samsung QN85BA 65 (QA65QN85BAWXZW) 正在使用中，本次已連線 30 秒
[2026-09-28 15:16:10] [IN USE] Samsung QN85BA 65 (QA65QN85BAWXZW) 正在使用中，本次已連線 30 秒
[2026-09-28 15:16:11] [IN USE] Samsung QN85BA 65 (QA65QN85BAWXZW) 正在使用中，本次已連線 30 秒
[2026-09-28 15:16:25] [IN USE] Samsung QN85BA 65 (QA65QN85BAWXZW) 正在使用中，本次已連線 45 秒
[2026-09-28 15:16:25] [IN USE] Samsung QN85BA 65 (QA65QN85BAWXZW) 正在使用中，本次已連線 45 秒
[2026-09-28 15:16:25] [IN USE] Samsung QN85BA 65 (QA65QN85BAWXZW) 正在使用中，本次已連線 45 秒
[2026-09-28 15:16:25] [IN USE] Samsung QN85BA 65 (QA65QN85BAWXZW) 正在使用中，本次已連線 45 秒
[2026-09-28 15:16:26] [IN USE] Samsung QN85BA 65 (QA65QN85BAWXZW) 正在使用中，本次已連線 45 秒
[2026-09-28 15:16:40] [IN USE] Samsung QN85BA 65 (QA65QN85BAWXZW) 正在使用中，本次已連線 60 秒
[2026-09-28 15:16:40] [IN USE] Samsung QN85BA 65 (QA65QN85BAWXZW) 正在使用中，本次已連線 60 秒
[2026-09-28 15:16:40] >>> [SWITCH TARGET] 監控目標已即時切換: Samsung QN85BA 65 (QA65QN85BAWXZW) -> 黃禹程的iPad (192.168.1.102) | MAC: 30:e0:4f:da:b9:1c <<<
[2026-09-28 15:16:40]     套用邏輯: iOS/iPadOS 5秒抗推播驗證 (門檻: 5.0s)
[2026-09-28 15:16:42] >>> [SWITCH TARGET] 監控目標已即時切換: 黃禹程的iPad -> Apple iPhone (手機) (192.168.1.114) | MAC: e2:ad:31:a3:34:92 <<<
[2026-09-28 15:16:42]     套用邏輯: iOS/iPadOS 5秒抗推播驗證 (門檻: 5.0s)
[2026-09-28 15:16:42] [CHECKING] 偵測到 Apple iPhone (手機) 連線訊號，正在進行 5 秒抗推播驗證...
[2026-09-28 15:16:47] >>> [DEVICE ONLINE] Apple iPhone (手機) 已點亮螢幕解鎖 (連線已達 5.0 秒，通過 iOS 驗證)！<<<
[2026-09-28 15:16:57] [IN USE] Apple iPhone (手機) 正在使用中，本次已連線 15 秒
[2026-09-28 15:16:57] [IN USE] Apple iPhone (手機) 正在使用中，本次已連線 15 秒
[2026-09-28 15:16:57] [IN USE] Apple iPhone (手機) 正在使用中，本次已連線 15 秒
[2026-09-28 15:16:58] [IN USE] Apple iPhone (手機) 正在使用中，本次已連線 15 秒
[2026-09-28 15:16:58] [IN USE] Apple iPhone (手機) 正在使用中，本次已連線 15 秒
[2026-09-28 15:17:12] [IN USE] Apple iPhone (手機) 正在使用中，本次已連線 30 秒
[2026-09-28 15:17:12] [IN USE] Apple iPhone (手機) 正在使用中，本次已連線 30 秒
[2026-09-28 15:17:13] [IN USE] Apple iPhone (手機) 正在使用中，本次已連線 30 秒
[2026-09-28 15:17:27] [IN USE] Apple iPhone (手機) 正在使用中，本次已連線 45 秒
[2026-09-28 15:17:27] [IN USE] Apple iPhone (手機) 正在使用中，本次已連線 45 秒
[2026-09-28 15:17:27] [IN USE] Apple iPhone (手機) 正在使用中，本次已連線 45 秒
[2026-09-28 15:17:28] [IN USE] Apple iPhone (手機) 正在使用中，本次已連線 45 秒
[2026-09-28 15:17:28] [IN USE] Apple iPhone (手機) 正在使用中，本次已連線 45 秒
[2026-09-28 15:17:42] [IN USE] Apple iPhone (手機) 正在使用中，本次已連線 60 秒
[2026-09-28 15:17:42] [IN USE] Apple iPhone (手機) 正在使用中，本次已連線 60 秒
[2026-09-28 15:17:42] [IN USE] Apple iPhone (手機) 正在使用中，本次已連線 60 秒
[2026-09-28 15:17:43] [IN USE] Apple iPhone (手機) 正在使用中，本次已連線 60 秒
[2026-09-28 15:17:43] [IN USE] Apple iPhone (手機) 正在使用中，本次已連線 60 秒
[2026-09-28 15:17:57] [IN USE] Apple iPhone (手機) 正在使用中，本次已連線 75 秒
[2026-09-28 15:17:57] [IN USE] Apple iPhone (手機) 正在使用中，本次已連線 75 秒
[2026-09-28 15:17:58] [IN USE] Apple iPhone (手機) 正在使用中，本次已連線 75 秒
[2026-09-28 15:18:12] [IN USE] Apple iPhone (手機) 正在使用中，本次已連線 90 秒
[2026-09-28 15:18:12] [IN USE] Apple iPhone (手機) 正在使用中，本次已連線 90 秒
[2026-09-28 15:18:13] [IN USE] Apple iPhone (手機) 正在使用中，本次已連線 90 秒
[2026-09-28 15:18:13] [IN USE] Apple iPhone (手機) 正在使用中，本次已連線 90 秒
[2026-09-28 15:18:18] --- [OFFLINE] Apple iPhone (手機) 已鎖定休眠 / 離線 (本次使用 96 秒) ---
[2026-09-28 15:18:18] [CHECKING] 偵測到 Apple iPhone (手機) 連線訊號，正在進行 5 秒抗推播驗證...
[2026-09-28 15:18:21] [FILTERED] 偵測到 Apple iPhone (手機) APNs背景推播 (喚醒 2.8s < 5s)，已自動靜默過濾！
[2026-09-28 15:18:21] [CHECKING] 偵測到 Apple iPhone (手機) 連線訊號，正在進行 5 秒抗推播驗證...
[2026-09-28 15:18:23] [FILTERED] 偵測到 Apple iPhone (手機) APNs背景推播 (喚醒 1.6s < 5s)，已自動靜默過濾！
[2026-09-28 15:18:23] [CHECKING] 偵測到 Apple iPhone (手機) 連線訊號，正在進行 5 秒抗推播驗證...
[2026-09-28 15:18:26] [FILTERED] 偵測到 Apple iPhone (手機) APNs背景推播 (喚醒 2.6s < 5s)，已自動靜默過濾！
[2026-09-28 15:18:26] [CHECKING] 偵測到 Apple iPhone (手機) 連線訊號，正在進行 5 秒抗推播驗證...
[2026-09-28 15:18:28] [FILTERED] 偵測到 Apple iPhone (手機) APNs背景推播 (喚醒 2.8s < 5s)，已自動靜默過濾！
[2026-09-28 15:18:29] [CHECKING] 偵測到 Apple iPhone (手機) 連線訊號，正在進行 5 秒抗推播驗證...
[2026-09-28 15:18:29] [FILTERED] 偵測到 Apple iPhone (手機) APNs背景推播 (喚醒 0.5s < 5s)，已自動靜默過濾！
[2026-09-28 15:18:29] [CHECKING] 偵測到 Apple iPhone (手機) 連線訊號，正在進行 5 秒抗推播驗證...
[2026-09-28 15:18:30] [FILTERED] 偵測到 Apple iPhone (手機) APNs背景推播 (喚醒 1.0s < 5s)，已自動靜默過濾！
[2026-09-28 15:18:30] [CHECKING] 偵測到 Apple iPhone (手機) 連線訊號，正在進行 5 秒抗推播驗證...
[2026-09-28 15:18:32] [FILTERED] 偵測到 Apple iPhone (手機) APNs背景推播 (喚醒 1.4s < 5s)，已自動靜默過濾！
[2026-09-28 15:18:32] [CHECKING] 偵測到 Apple iPhone (手機) 連線訊號，正在進行 5 秒抗推播驗證...
[2026-09-28 15:18:32] [FILTERED] 偵測到 Apple iPhone (手機) APNs背景推播 (喚醒 0.2s < 5s)，已自動靜默過濾！
[2026-09-28 15:18:32] [CHECKING] 偵測到 Apple iPhone (手機) 連線訊號，正在進行 5 秒抗推播驗證...
[2026-09-28 15:18:33] [FILTERED] 偵測到 Apple iPhone (手機) APNs背景推播 (喚醒 0.3s < 5s)，已自動靜默過濾！
[2026-09-28 15:18:33] [CHECKING] 偵測到 Apple iPhone (手機) 連線訊號，正在進行 5 秒抗推播驗證...
[2026-09-28 15:18:33] >>> [SWITCH TARGET] 監控目標已即時切換: Apple iPhone (手機) -> 黃禹程的iPad (192.168.1.102) | MAC: 30:e0:4f:da:b9:1c <<<
[2026-09-28 15:18:33]     套用邏輯: iOS/iPadOS 5秒抗推播驗證 (門檻: 5.0s)
[2026-09-28 15:18:34] >>> [SWITCH TARGET] 監控目標已即時切換: 黃禹程的iPad -> Apple iPhone (手機) (192.168.1.114) | MAC: e2:ad:31:a3:34:92 <<<
[2026-09-28 15:18:34]     套用邏輯: iOS/iPadOS 5秒抗推播驗證 (門檻: 5.0s)
[2026-09-28 15:18:34] [CHECKING] 偵測到 Apple iPhone (手機) 連線訊號，正在進行 5 秒抗推播驗證...
[2026-09-28 15:18:35] [FILTERED] 偵測到 Apple iPhone (手機) APNs背景推播 (喚醒 0.8s < 5s)，已自動靜默過濾！
[2026-09-28 15:18:35] [CHECKING] 偵測到 Apple iPhone (手機) 連線訊號，正在進行 5 秒抗推播驗證...
[2026-09-28 15:18:35] [FILTERED] 偵測到 Apple iPhone (手機) APNs背景推播 (喚醒 0.6s < 5s)，已自動靜默過濾！
[2026-09-28 15:18:36] [CHECKING] 偵測到 Apple iPhone (手機) 連線訊號，正在進行 5 秒抗推播驗證...
[2026-09-28 15:18:37] [FILTERED] 偵測到 Apple iPhone (手機) APNs背景推播 (喚醒 1.6s < 5s)，已自動靜默過濾！
[2026-09-28 15:18:37] [CHECKING] 偵測到 Apple iPhone (手機) 連線訊號，正在進行 5 秒抗推播驗證...
[2026-09-28 15:18:39] [FILTERED] 偵測到 Apple iPhone (手機) APNs背景推播 (喚醒 1.4s < 5s)，已自動靜默過濾！
[2026-09-28 15:18:39] [CHECKING] 偵測到 Apple iPhone (手機) 連線訊號，正在進行 5 秒抗推播驗證...
[2026-09-28 15:18:40] [FILTERED] 偵測到 Apple iPhone (手機) APNs背景推播 (喚醒 1.6s < 5s)，已自動靜默過濾！
[2026-09-28 15:18:40] [CHECKING] 偵測到 Apple iPhone (手機) 連線訊號，正在進行 5 秒抗推播驗證...
[2026-09-28 15:18:41] [FILTERED] 偵測到 Apple iPhone (手機) APNs背景推播 (喚醒 0.8s < 5s)，已自動靜默過濾！
[2026-09-28 15:18:41] [CHECKING] 偵測到 Apple iPhone (手機) 連線訊號，正在進行 5 秒抗推播驗證...
[2026-09-28 15:18:46] [FILTERED] 偵測到 Apple iPhone (手機) APNs背景推播 (喚醒 5.3s < 5s)，已自動靜默過濾！
[2026-09-28 15:18:47] [CHECKING] 偵測到 Apple iPhone (手機) 連線訊號，正在進行 5 秒抗推播驗證...
[2026-09-28 15:18:48] [FILTERED] 偵測到 Apple iPhone (手機) APNs背景推播 (喚醒 1.5s < 5s)，已自動靜默過濾！
[2026-09-28 15:18:48] [CHECKING] 偵測到 Apple iPhone (手機) 連線訊號，正在進行 5 秒抗推播驗證...
[2026-09-28 15:18:53] >>> [DEVICE ONLINE] Apple iPhone (手機) 已點亮螢幕解鎖 (連線已達 5.0 秒，通過 iOS 驗證)！<<<
[2026-09-28 15:19:03] [IN USE] Apple iPhone (手機) 正在使用中，本次已連線 15 秒
[2026-09-28 15:19:03] [IN USE] Apple iPhone (手機) 正在使用中，本次已連線 15 秒
[2026-09-28 15:19:04] [IN USE] Apple iPhone (手機) 正在使用中，本次已連線 15 秒
[2026-09-28 15:19:04] [IN USE] Apple iPhone (手機) 正在使用中，本次已連線 15 秒
[2026-09-28 15:19:04] [IN USE] Apple iPhone (手機) 正在使用中，本次已連線 15 秒
[2026-09-28 15:19:18] [IN USE] Apple iPhone (手機) 正在使用中，本次已連線 30 秒
[2026-09-28 15:19:18] [IN USE] Apple iPhone (手機) 正在使用中，本次已連線 30 秒
[2026-09-28 15:19:19] [IN USE] Apple iPhone (手機) 正在使用中，本次已連線 30 秒
[2026-09-28 15:19:19] [IN USE] Apple iPhone (手機) 正在使用中，本次已連線 30 秒
[2026-09-28 15:19:19] [IN USE] Apple iPhone (手機) 正在使用中，本次已連線 30 秒
[2026-09-28 15:19:33] [IN USE] Apple iPhone (手機) 正在使用中，本次已連線 45 秒
[2026-09-28 15:19:33] [IN USE] Apple iPhone (手機) 正在使用中，本次已連線 45 秒
[2026-09-28 15:19:34] [IN USE] Apple iPhone (手機) 正在使用中，本次已連線 45 秒
[2026-09-28 15:19:34] [IN USE] Apple iPhone (手機) 正在使用中，本次已連線 45 秒
[2026-09-28 15:19:34] [IN USE] Apple iPhone (手機) 正在使用中，本次已連線 45 秒
[2026-09-28 15:19:48] [IN USE] Apple iPhone (手機) 正在使用中，本次已連線 60 秒
[2026-09-28 15:19:48] [IN USE] Apple iPhone (手機) 正在使用中，本次已連線 60 秒
[2026-09-28 15:19:49] [IN USE] Apple iPhone (手機) 正在使用中，本次已連線 60 秒
[2026-09-28 15:19:49] [IN USE] Apple iPhone (手機) 正在使用中，本次已連線 60 秒
[2026-09-28 15:20:03] [IN USE] Apple iPhone (手機) 正在使用中，本次已連線 75 秒
[2026-09-28 15:20:03] [IN USE] Apple iPhone (手機) 正在使用中，本次已連線 75 秒
[2026-09-28 15:20:04] [IN USE] Apple iPhone (手機) 正在使用中，本次已連線 75 秒
[2026-09-28 15:20:04] [IN USE] Apple iPhone (手機) 正在使用中，本次已連線 75 秒
[2026-09-28 15:20:18] [IN USE] Apple iPhone (手機) 正在使用中，本次已連線 90 秒
[2026-09-28 15:20:18] [IN USE] Apple iPhone (手機) 正在使用中，本次已連線 90 秒
[2026-09-28 15:20:19] [IN USE] Apple iPhone (手機) 正在使用中，本次已連線 90 秒
[2026-09-28 15:20:33] [IN USE] Apple iPhone (手機) 正在使用中，本次已連線 105 秒
[2026-09-28 15:20:33] [IN USE] Apple iPhone (手機) 正在使用中，本次已連線 105 秒
[2026-09-28 15:20:34] [IN USE] Apple iPhone (手機) 正在使用中，本次已連線 105 秒
[2026-09-28 15:20:34] [IN USE] Apple iPhone (手機) 正在使用中，本次已連線 105 秒
[2026-09-28 15:20:34] [IN USE] Apple iPhone (手機) 正在使用中，本次已連線 105 秒
[2026-09-28 15:20:48] [IN USE] Apple iPhone (手機) 正在使用中，本次已連線 120 秒
[2026-09-28 15:20:48] [IN USE] Apple iPhone (手機) 正在使用中，本次已連線 120 秒
[2026-09-28 15:20:49] [IN USE] Apple iPhone (手機) 正在使用中，本次已連線 120 秒
[2026-09-28 15:20:49] [IN USE] Apple iPhone (手機) 正在使用中，本次已連線 120 秒
[2026-09-28 15:21:03] [IN USE] Apple iPhone (手機) 正在使用中，本次已連線 135 秒
[2026-09-28 15:21:03] [IN USE] Apple iPhone (手機) 正在使用中，本次已連線 135 秒
[2026-09-28 15:21:04] [IN USE] Apple iPhone (手機) 正在使用中，本次已連線 135 秒
[2026-09-28 15:21:04] [IN USE] Apple iPhone (手機) 正在使用中，本次已連線 135 秒
[2026-09-28 15:21:04] [IN USE] Apple iPhone (手機) 正在使用中，本次已連線 135 秒
[2026-09-28 15:21:08] --- [OFFLINE] Apple iPhone (手機) 已鎖定休眠 / 離線 (本次使用 139 秒) ---
[2026-09-28 15:21:08] [CHECKING] 偵測到 Apple iPhone (手機) 連線訊號，正在進行 5 秒抗推播驗證...
[2026-09-28 15:21:10] [FILTERED] 偵測到 Apple iPhone (手機) APNs背景推播 (喚醒 2.2s < 5s)，已自動靜默過濾！
[2026-09-28 15:21:10] [CHECKING] 偵測到 Apple iPhone (手機) 連線訊號，正在進行 5 秒抗推播驗證...
[2026-09-28 15:21:13] [FILTERED] 偵測到 Apple iPhone (手機) APNs背景推播 (喚醒 2.4s < 5s)，已自動靜默過濾！
[2026-09-28 15:21:13] [CHECKING] 偵測到 Apple iPhone (手機) 連線訊號，正在進行 5 秒抗推播驗證...
[2026-09-28 15:21:18] [FILTERED] 偵測到 Apple iPhone (手機) APNs背景推播 (喚醒 4.6s < 5s)，已自動靜默過濾！
[2026-09-28 15:21:18] [CHECKING] 偵測到 Apple iPhone (手機) 連線訊號，正在進行 5 秒抗推播驗證...
[2026-09-28 15:21:23] >>> [DEVICE ONLINE] Apple iPhone (手機) 已點亮螢幕解鎖 (連線已達 5.0 秒，通過 iOS 驗證)！<<<
[2026-09-28 15:21:33] [IN USE] Apple iPhone (手機) 正在使用中，本次已連線 15 秒
[2026-09-28 15:21:33] [IN USE] Apple iPhone (手機) 正在使用中，本次已連線 15 秒
[2026-09-28 15:21:33] [IN USE] Apple iPhone (手機) 正在使用中，本次已連線 15 秒
[2026-09-28 15:21:44] --- [OFFLINE] Apple iPhone (手機) 已鎖定休眠 / 離線 (本次使用 25 秒) ---
[2026-09-28 15:21:44] [CHECKING] 偵測到 Apple iPhone (手機) 連線訊號，正在進行 5 秒抗推播驗證...
[2026-09-28 15:21:44] [FILTERED] 偵測到 Apple iPhone (手機) APNs背景推播 (喚醒 0.5s < 5s)，已自動靜默過濾！
[2026-09-28 15:21:44] [CHECKING] 偵測到 Apple iPhone (手機) 連線訊號，正在進行 5 秒抗推播驗證...
[2026-09-28 15:21:45] [FILTERED] 偵測到 Apple iPhone (手機) APNs背景推播 (喚醒 1.2s < 5s)，已自動靜默過濾！
[2026-09-28 15:21:45] [CHECKING] 偵測到 Apple iPhone (手機) 連線訊號，正在進行 5 秒抗推播驗證...
[2026-09-28 15:21:46] [FILTERED] 偵測到 Apple iPhone (手機) APNs背景推播 (喚醒 0.8s < 5s)，已自動靜默過濾！
[2026-09-28 15:21:46] [CHECKING] 偵測到 Apple iPhone (手機) 連線訊號，正在進行 5 秒抗推播驗證...
[2026-09-28 15:21:51] [FILTERED] 偵測到 Apple iPhone (手機) APNs背景推播 (喚醒 4.4s < 5s)，已自動靜默過濾！
[2026-09-28 15:21:51] [CHECKING] 偵測到 Apple iPhone (手機) 連線訊號，正在進行 5 秒抗推播驗證...
[2026-09-28 15:21:52] [FILTERED] 偵測到 Apple iPhone (手機) APNs背景推播 (喚醒 1.1s < 5s)，已自動靜默過濾！
[2026-09-28 15:21:52] [CHECKING] 偵測到 Apple iPhone (手機) 連線訊號，正在進行 5 秒抗推播驗證...
[2026-09-28 15:21:55] [FILTERED] 偵測到 Apple iPhone (手機) APNs背景推播 (喚醒 2.8s < 5s)，已自動靜默過濾！
[2026-09-28 15:21:55] [CHECKING] 偵測到 Apple iPhone (手機) 連線訊號，正在進行 5 秒抗推播驗證...
[2026-09-28 15:21:56] [FILTERED] 偵測到 Apple iPhone (手機) APNs背景推播 (喚醒 0.6s < 5s)，已自動靜默過濾！
[2026-09-28 15:21:56] [CHECKING] 偵測到 Apple iPhone (手機) 連線訊號，正在進行 5 秒抗推播驗證...
[2026-09-28 15:21:57] [FILTERED] 偵測到 Apple iPhone (手機) APNs背景推播 (喚醒 0.7s < 5s)，已自動靜默過濾！
[2026-09-28 15:21:57] [CHECKING] 偵測到 Apple iPhone (手機) 連線訊號，正在進行 5 秒抗推播驗證...
[2026-09-28 15:21:58] [FILTERED] 偵測到 Apple iPhone (手機) APNs背景推播 (喚醒 1.1s < 5s)，已自動靜默過濾！
[2026-09-28 15:21:58] [CHECKING] 偵測到 Apple iPhone (手機) 連線訊號，正在進行 5 秒抗推播驗證...
[2026-09-28 15:21:59] [FILTERED] 偵測到 Apple iPhone (手機) APNs背景推播 (喚醒 0.8s < 5s)，已自動靜默過濾！
[2026-09-28 15:21:59] [CHECKING] 偵測到 Apple iPhone (手機) 連線訊號，正在進行 5 秒抗推播驗證...
[2026-09-28 15:21:59] [FILTERED] 偵測到 Apple iPhone (手機) APNs背景推播 (喚醒 0.4s < 5s)，已自動靜默過濾！
[2026-09-28 15:21:59] [CHECKING] 偵測到 Apple iPhone (手機) 連線訊號，正在進行 5 秒抗推播驗證...
[2026-09-28 15:22:01] [FILTERED] 偵測到 Apple iPhone (手機) APNs背景推播 (喚醒 1.3s < 5s)，已自動靜默過濾！
[2026-09-28 15:22:01] [CHECKING] 偵測到 Apple iPhone (手機) 連線訊號，正在進行 5 秒抗推播驗證...
[2026-09-28 15:22:02] [FILTERED] 偵測到 Apple iPhone (手機) APNs背景推播 (喚醒 1.2s < 5s)，已自動靜默過濾！
[2026-09-28 15:22:02] [CHECKING] 偵測到 Apple iPhone (手機) 連線訊號，正在進行 5 秒抗推播驗證...
[2026-09-28 15:22:03] [FILTERED] 偵測到 Apple iPhone (手機) APNs背景推播 (喚醒 0.6s < 5s)，已自動靜默過濾！
[2026-09-28 15:22:03] [CHECKING] 偵測到 Apple iPhone (手機) 連線訊號，正在進行 5 秒抗推播驗證...
[2026-09-28 15:22:04] [FILTERED] 偵測到 Apple iPhone (手機) APNs背景推播 (喚醒 1.0s < 5s)，已自動靜默過濾！
[2026-09-28 15:22:04] [CHECKING] 偵測到 Apple iPhone (手機) 連線訊號，正在進行 5 秒抗推播驗證...
[2026-09-28 15:22:04] [FILTERED] 偵測到 Apple iPhone (手機) APNs背景推播 (喚醒 0.3s < 5s)，已自動靜默過濾！
[2026-09-28 15:22:04] [CHECKING] 偵測到 Apple iPhone (手機) 連線訊號，正在進行 5 秒抗推播驗證...
[2026-09-28 15:22:05] [FILTERED] 偵測到 Apple iPhone (手機) APNs背景推播 (喚醒 0.8s < 5s)，已自動靜默過濾！
[2026-09-28 15:22:05] [CHECKING] 偵測到 Apple iPhone (手機) 連線訊號，正在進行 5 秒抗推播驗證...
[2026-09-28 15:22:07] [FILTERED] 偵測到 Apple iPhone (手機) APNs背景推播 (喚醒 2.2s < 5s)，已自動靜默過濾！
[2026-09-28 15:22:07] [CHECKING] 偵測到 Apple iPhone (手機) 連線訊號，正在進行 5 秒抗推播驗證...
[2026-09-28 15:22:08] [FILTERED] 偵測到 Apple iPhone (手機) APNs背景推播 (喚醒 0.7s < 5s)，已自動靜默過濾！
[2026-09-28 15:22:08] [CHECKING] 偵測到 Apple iPhone (手機) 連線訊號，正在進行 5 秒抗推播驗證...
[2026-09-28 15:22:09] [FILTERED] 偵測到 Apple iPhone (手機) APNs背景推播 (喚醒 0.8s < 5s)，已自動靜默過濾！
[2026-09-28 15:22:09] [CHECKING] 偵測到 Apple iPhone (手機) 連線訊號，正在進行 5 秒抗推播驗證...
[2026-09-28 15:22:11] [FILTERED] 偵測到 Apple iPhone (手機) APNs背景推播 (喚醒 1.4s < 5s)，已自動靜默過濾！
[2026-09-28 15:22:11] [CHECKING] 偵測到 Apple iPhone (手機) 連線訊號，正在進行 5 秒抗推播驗證...
[2026-09-28 15:22:11] [FILTERED] 偵測到 Apple iPhone (手機) APNs背景推播 (喚醒 0.3s < 5s)，已自動靜默過濾！
[2026-09-28 15:22:11] [CHECKING] 偵測到 Apple iPhone (手機) 連線訊號，正在進行 5 秒抗推播驗證...
[2026-09-28 15:22:12] [FILTERED] 偵測到 Apple iPhone (手機) APNs背景推播 (喚醒 0.6s < 5s)，已自動靜默過濾！
[2026-09-28 15:22:12] [CHECKING] 偵測到 Apple iPhone (手機) 連線訊號，正在進行 5 秒抗推播驗證...
[2026-09-28 15:22:13] [FILTERED] 偵測到 Apple iPhone (手機) APNs背景推播 (喚醒 0.6s < 5s)，已自動靜默過濾！
[2026-09-28 15:22:13] [CHECKING] 偵測到 Apple iPhone (手機) 連線訊號，正在進行 5 秒抗推播驗證...
[2026-09-28 15:22:15] [FILTERED] 偵測到 Apple iPhone (手機) APNs背景推播 (喚醒 2.2s < 5s)，已自動靜默過濾！
[2026-09-28 15:22:15] [CHECKING] 偵測到 Apple iPhone (手機) 連線訊號，正在進行 5 秒抗推播驗證...
[2026-09-28 15:22:16] [FILTERED] 偵測到 Apple iPhone (手機) APNs背景推播 (喚醒 0.6s < 5s)，已自動靜默過濾！
[2026-09-28 15:22:16] [CHECKING] 偵測到 Apple iPhone (手機) 連線訊號，正在進行 5 秒抗推播驗證...
[2026-09-28 15:22:18] [FILTERED] 偵測到 Apple iPhone (手機) APNs背景推播 (喚醒 1.4s < 5s)，已自動靜默過濾！
[2026-09-28 15:22:18] [CHECKING] 偵測到 Apple iPhone (手機) 連線訊號，正在進行 5 秒抗推播驗證...
[2026-09-28 15:22:19] [FILTERED] 偵測到 Apple iPhone (手機) APNs背景推播 (喚醒 0.7s < 5s)，已自動靜默過濾！
[2026-09-28 15:22:19] [CHECKING] 偵測到 Apple iPhone (手機) 連線訊號，正在進行 5 秒抗推播驗證...
[2026-09-28 15:22:20] [FILTERED] 偵測到 Apple iPhone (手機) APNs背景推播 (喚醒 1.1s < 5s)，已自動靜默過濾！
[2026-09-28 15:22:20] [CHECKING] 偵測到 Apple iPhone (手機) 連線訊號，正在進行 5 秒抗推播驗證...
[2026-09-28 15:22:21] [FILTERED] 偵測到 Apple iPhone (手機) APNs背景推播 (喚醒 0.6s < 5s)，已自動靜默過濾！
[2026-09-28 15:22:21] [CHECKING] 偵測到 Apple iPhone (手機) 連線訊號，正在進行 5 秒抗推播驗證...
[2026-09-28 15:22:22] [FILTERED] 偵測到 Apple iPhone (手機) APNs背景推播 (喚醒 1.6s < 5s)，已自動靜默過濾！
[2026-09-28 15:22:22] [CHECKING] 偵測到 Apple iPhone (手機) 連線訊號，正在進行 5 秒抗推播驗證...
[2026-09-28 15:22:23] [FILTERED] 偵測到 Apple iPhone (手機) APNs背景推播 (喚醒 0.5s < 5s)，已自動靜默過濾！
[2026-09-28 15:22:23] [CHECKING] 偵測到 Apple iPhone (手機) 連線訊號，正在進行 5 秒抗推播驗證...
[2026-09-28 15:22:25] [FILTERED] 偵測到 Apple iPhone (手機) APNs背景推播 (喚醒 2.1s < 5s)，已自動靜默過濾！
[2026-09-28 15:22:25] [CHECKING] 偵測到 Apple iPhone (手機) 連線訊號，正在進行 5 秒抗推播驗證...
[2026-09-28 15:22:26] [FILTERED] 偵測到 Apple iPhone (手機) APNs背景推播 (喚醒 1.0s < 5s)，已自動靜默過濾！
[2026-09-28 15:22:26] [CHECKING] 偵測到 Apple iPhone (手機) 連線訊號，正在進行 5 秒抗推播驗證...
[2026-09-28 15:22:28] [FILTERED] 偵測到 Apple iPhone (手機) APNs背景推播 (喚醒 1.2s < 5s)，已自動靜默過濾！
[2026-09-28 15:22:28] [CHECKING] 偵測到 Apple iPhone (手機) 連線訊號，正在進行 5 秒抗推播驗證...
[2026-09-28 15:22:30] [FILTERED] 偵測到 Apple iPhone (手機) APNs背景推播 (喚醒 2.0s < 5s)，已自動靜默過濾！
[2026-09-28 15:22:30] [CHECKING] 偵測到 Apple iPhone (手機) 連線訊號，正在進行 5 秒抗推播驗證...
[2026-09-28 15:22:31] [FILTERED] 偵測到 Apple iPhone (手機) APNs背景推播 (喚醒 1.2s < 5s)，已自動靜默過濾！
[2026-09-28 15:22:31] [CHECKING] 偵測到 Apple iPhone (手機) 連線訊號，正在進行 5 秒抗推播驗證...
[2026-09-28 15:22:32] [FILTERED] 偵測到 Apple iPhone (手機) APNs背景推播 (喚醒 0.5s < 5s)，已自動靜默過濾！
[2026-09-28 15:22:32] [CHECKING] 偵測到 Apple iPhone (手機) 連線訊號，正在進行 5 秒抗推播驗證...
[2026-09-28 15:22:32] [FILTERED] 偵測到 Apple iPhone (手機) APNs背景推播 (喚醒 0.4s < 5s)，已自動靜默過濾！
[2026-09-28 15:22:32] [CHECKING] 偵測到 Apple iPhone (手機) 連線訊號，正在進行 5 秒抗推播驗證...
[2026-09-28 15:22:36] [FILTERED] 偵測到 Apple iPhone (手機) APNs背景推播 (喚醒 4.0s < 5s)，已自動靜默過濾！
[2026-09-28 15:22:36] [CHECKING] 偵測到 Apple iPhone (手機) 連線訊號，正在進行 5 秒抗推播驗證...
[2026-09-28 15:22:41] [FILTERED] 偵測到 Apple iPhone (手機) APNs背景推播 (喚醒 4.8s < 5s)，已自動靜默過濾！
[2026-09-28 15:22:41] [CHECKING] 偵測到 Apple iPhone (手機) 連線訊號，正在進行 5 秒抗推播驗證...
[2026-09-28 15:22:43] [FILTERED] 偵測到 Apple iPhone (手機) APNs背景推播 (喚醒 2.0s < 5s)，已自動靜默過濾！
[2026-09-28 15:22:43] [CHECKING] 偵測到 Apple iPhone (手機) 連線訊號，正在進行 5 秒抗推播驗證...
[2026-09-28 15:22:43] [FILTERED] 偵測到 Apple iPhone (手機) APNs背景推播 (喚醒 0.3s < 5s)，已自動靜默過濾！
[2026-09-28 15:22:44] [CHECKING] 偵測到 Apple iPhone (手機) 連線訊號，正在進行 5 秒抗推播驗證...
[2026-09-28 15:22:46] [FILTERED] 偵測到 Apple iPhone (手機) APNs背景推播 (喚醒 2.3s < 5s)，已自動靜默過濾！
[2026-09-28 15:22:46] [CHECKING] 偵測到 Apple iPhone (手機) 連線訊號，正在進行 5 秒抗推播驗證...
[2026-09-28 15:22:46] [FILTERED] 偵測到 Apple iPhone (手機) APNs背景推播 (喚醒 0.3s < 5s)，已自動靜默過濾！
[2026-09-28 15:22:46] [CHECKING] 偵測到 Apple iPhone (手機) 連線訊號，正在進行 5 秒抗推播驗證...
[2026-09-28 15:22:47] [FILTERED] 偵測到 Apple iPhone (手機) APNs背景推播 (喚醒 0.7s < 5s)，已自動靜默過濾！
[2026-09-28 15:22:47] [CHECKING] 偵測到 Apple iPhone (手機) 連線訊號，正在進行 5 秒抗推播驗證...
[2026-09-28 15:22:49] [FILTERED] 偵測到 Apple iPhone (手機) APNs背景推播 (喚醒 2.2s < 5s)，已自動靜默過濾！
[2026-09-28 15:22:50] [CHECKING] 偵測到 Apple iPhone (手機) 連線訊號，正在進行 5 秒抗推播驗證...
[2026-09-28 15:22:50] [FILTERED] 偵測到 Apple iPhone (手機) APNs背景推播 (喚醒 0.4s < 5s)，已自動靜默過濾！
[2026-09-28 15:22:50] [CHECKING] 偵測到 Apple iPhone (手機) 連線訊號，正在進行 5 秒抗推播驗證...
[2026-09-28 15:22:53] [FILTERED] 偵測到 Apple iPhone (手機) APNs背景推播 (喚醒 3.1s < 5s)，已自動靜默過濾！
[2026-09-28 15:22:53] [CHECKING] 偵測到 Apple iPhone (手機) 連線訊號，正在進行 5 秒抗推播驗證...
[2026-09-28 15:22:54] [FILTERED] 偵測到 Apple iPhone (手機) APNs背景推播 (喚醒 0.5s < 5s)，已自動靜默過濾！
[2026-09-28 15:22:54] [CHECKING] 偵測到 Apple iPhone (手機) 連線訊號，正在進行 5 秒抗推播驗證...
[2026-09-28 15:22:55] [FILTERED] 偵測到 Apple iPhone (手機) APNs背景推播 (喚醒 0.8s < 5s)，已自動靜默過濾！
[2026-09-28 15:22:55] [CHECKING] 偵測到 Apple iPhone (手機) 連線訊號，正在進行 5 秒抗推播驗證...
[2026-09-28 15:22:57] [FILTERED] 偵測到 Apple iPhone (手機) APNs背景推播 (喚醒 1.7s < 5s)，已自動靜默過濾！
[2026-09-28 15:22:57] [CHECKING] 偵測到 Apple iPhone (手機) 連線訊號，正在進行 5 秒抗推播驗證...
[2026-09-28 15:22:58] [FILTERED] 偵測到 Apple iPhone (手機) APNs背景推播 (喚醒 1.3s < 5s)，已自動靜默過濾！
[2026-09-28 15:22:58] [CHECKING] 偵測到 Apple iPhone (手機) 連線訊號，正在進行 5 秒抗推播驗證...
[2026-09-28 15:22:59] [FILTERED] 偵測到 Apple iPhone (手機) APNs背景推播 (喚醒 0.6s < 5s)，已自動靜默過濾！
[2026-09-28 15:22:59] [CHECKING] 偵測到 Apple iPhone (手機) 連線訊號，正在進行 5 秒抗推播驗證...
[2026-09-28 15:23:00] [FILTERED] 偵測到 Apple iPhone (手機) APNs背景推播 (喚醒 1.0s < 5s)，已自動靜默過濾！
[2026-09-28 15:23:00] [CHECKING] 偵測到 Apple iPhone (手機) 連線訊號，正在進行 5 秒抗推播驗證...
[2026-09-28 15:23:00] [FILTERED] 偵測到 Apple iPhone (手機) APNs背景推播 (喚醒 0.3s < 5s)，已自動靜默過濾！
[2026-09-28 15:23:00] [CHECKING] 偵測到 Apple iPhone (手機) 連線訊號，正在進行 5 秒抗推播驗證...
[2026-09-28 15:23:01] [FILTERED] 偵測到 Apple iPhone (手機) APNs背景推播 (喚醒 0.4s < 5s)，已自動靜默過濾！
[2026-09-28 15:23:01] [CHECKING] 偵測到 Apple iPhone (手機) 連線訊號，正在進行 5 秒抗推播驗證...
[2026-09-28 15:23:01] [FILTERED] 偵測到 Apple iPhone (手機) APNs背景推播 (喚醒 0.4s < 5s)，已自動靜默過濾！
[2026-09-28 15:23:02] [CHECKING] 偵測到 Apple iPhone (手機) 連線訊號，正在進行 5 秒抗推播驗證...
[2026-09-28 15:23:02] [FILTERED] 偵測到 Apple iPhone (手機) APNs背景推播 (喚醒 0.8s < 5s)，已自動靜默過濾！
[2026-09-28 15:23:02] [CHECKING] 偵測到 Apple iPhone (手機) 連線訊號，正在進行 5 秒抗推播驗證...
[2026-09-28 15:23:03] [FILTERED] 偵測到 Apple iPhone (手機) APNs背景推播 (喚醒 0.8s < 5s)，已自動靜默過濾！
[2026-09-28 15:23:03] [CHECKING] 偵測到 Apple iPhone (手機) 連線訊號，正在進行 5 秒抗推播驗證...
[2026-09-28 15:23:04] [FILTERED] 偵測到 Apple iPhone (手機) APNs背景推播 (喚醒 1.2s < 5s)，已自動靜默過濾！
[2026-09-28 15:23:04] [CHECKING] 偵測到 Apple iPhone (手機) 連線訊號，正在進行 5 秒抗推播驗證...
[2026-09-28 15:23:05] [FILTERED] 偵測到 Apple iPhone (手機) APNs背景推播 (喚醒 0.3s < 5s)，已自動靜默過濾！
[2026-09-28 15:23:05] [CHECKING] 偵測到 Apple iPhone (手機) 連線訊號，正在進行 5 秒抗推播驗證...
[2026-09-28 15:23:06] [FILTERED] 偵測到 Apple iPhone (手機) APNs背景推播 (喚醒 1.2s < 5s)，已自動靜默過濾！
[2026-09-28 15:23:06] [CHECKING] 偵測到 Apple iPhone (手機) 連線訊號，正在進行 5 秒抗推播驗證...
[2026-09-28 15:23:09] [FILTERED] 偵測到 Apple iPhone (手機) APNs背景推播 (喚醒 2.4s < 5s)，已自動靜默過濾！
[2026-09-28 15:23:09] [CHECKING] 偵測到 Apple iPhone (手機) 連線訊號，正在進行 5 秒抗推播驗證...
[2026-09-28 15:23:09] [FILTERED] 偵測到 Apple iPhone (手機) APNs背景推播 (喚醒 0.3s < 5s)，已自動靜默過濾！
[2026-09-28 15:23:09] [CHECKING] 偵測到 Apple iPhone (手機) 連線訊號，正在進行 5 秒抗推播驗證...
[2026-09-28 15:23:12] [FILTERED] 偵測到 Apple iPhone (手機) APNs背景推播 (喚醒 2.8s < 5s)，已自動靜默過濾！
[2026-09-28 15:23:12] [CHECKING] 偵測到 Apple iPhone (手機) 連線訊號，正在進行 5 秒抗推播驗證...
[2026-09-28 15:23:12] [FILTERED] 偵測到 Apple iPhone (手機) APNs背景推播 (喚醒 0.3s < 5s)，已自動靜默過濾！
[2026-09-28 15:23:12] [CHECKING] 偵測到 Apple iPhone (手機) 連線訊號，正在進行 5 秒抗推播驗證...
[2026-09-28 15:23:15] [FILTERED] 偵測到 Apple iPhone (手機) APNs背景推播 (喚醒 2.4s < 5s)，已自動靜默過濾！
[2026-09-28 15:23:16] [CHECKING] 偵測到 Apple iPhone (手機) 連線訊號，正在進行 5 秒抗推播驗證...
[2026-09-28 15:23:16] [FILTERED] 偵測到 Apple iPhone (手機) APNs背景推播 (喚醒 0.3s < 5s)，已自動靜默過濾！
[2026-09-28 15:23:16] [CHECKING] 偵測到 Apple iPhone (手機) 連線訊號，正在進行 5 秒抗推播驗證...
[2026-09-28 15:23:17] [FILTERED] 偵測到 Apple iPhone (手機) APNs背景推播 (喚醒 0.5s < 5s)，已自動靜默過濾！
[2026-09-28 15:23:17] [CHECKING] 偵測到 Apple iPhone (手機) 連線訊號，正在進行 5 秒抗推播驗證...
[2026-09-28 15:23:19] [FILTERED] 偵測到 Apple iPhone (手機) APNs背景推播 (喚醒 2.0s < 5s)，已自動靜默過濾！
[2026-09-28 15:23:19] [CHECKING] 偵測到 Apple iPhone (手機) 連線訊號，正在進行 5 秒抗推播驗證...
[2026-09-28 15:23:19] [FILTERED] 偵測到 Apple iPhone (手機) APNs背景推播 (喚醒 0.5s < 5s)，已自動靜默過濾！
[2026-09-28 15:23:20] [CHECKING] 偵測到 Apple iPhone (手機) 連線訊號，正在進行 5 秒抗推播驗證...
[2026-09-28 15:23:20] [FILTERED] 偵測到 Apple iPhone (手機) APNs背景推播 (喚醒 0.3s < 5s)，已自動靜默過濾！
[2026-09-28 15:23:20] [CHECKING] 偵測到 Apple iPhone (手機) 連線訊號，正在進行 5 秒抗推播驗證...
[2026-09-28 15:23:20] [FILTERED] 偵測到 Apple iPhone (手機) APNs背景推播 (喚醒 0.4s < 5s)，已自動靜默過濾！
[2026-09-28 15:23:21] [CHECKING] 偵測到 Apple iPhone (手機) 連線訊號，正在進行 5 秒抗推播驗證...
[2026-09-28 15:23:22] [FILTERED] 偵測到 Apple iPhone (手機) APNs背景推播 (喚醒 1.5s < 5s)，已自動靜默過濾！
[2026-09-28 15:23:22] [CHECKING] 偵測到 Apple iPhone (手機) 連線訊號，正在進行 5 秒抗推播驗證...
[2026-09-28 15:23:23] [FILTERED] 偵測到 Apple iPhone (手機) APNs背景推播 (喚醒 0.9s < 5s)，已自動靜默過濾！
[2026-09-28 15:23:23] [CHECKING] 偵測到 Apple iPhone (手機) 連線訊號，正在進行 5 秒抗推播驗證...
[2026-09-28 15:23:24] [FILTERED] 偵測到 Apple iPhone (手機) APNs背景推播 (喚醒 0.7s < 5s)，已自動靜默過濾！
[2026-09-28 15:23:25] [CHECKING] 偵測到 Apple iPhone (手機) 連線訊號，正在進行 5 秒抗推播驗證...
[2026-09-28 15:23:26] [FILTERED] 偵測到 Apple iPhone (手機) APNs背景推播 (喚醒 1.4s < 5s)，已自動靜默過濾！
[2026-09-28 15:23:26] [CHECKING] 偵測到 Apple iPhone (手機) 連線訊號，正在進行 5 秒抗推播驗證...
[2026-09-28 15:23:26] [FILTERED] 偵測到 Apple iPhone (手機) APNs背景推播 (喚醒 0.3s < 5s)，已自動靜默過濾！
[2026-09-28 15:23:26] [CHECKING] 偵測到 Apple iPhone (手機) 連線訊號，正在進行 5 秒抗推播驗證...
[2026-09-28 15:23:27] [FILTERED] 偵測到 Apple iPhone (手機) APNs背景推播 (喚醒 0.3s < 5s)，已自動靜默過濾！
[2026-09-28 15:23:27] [CHECKING] 偵測到 Apple iPhone (手機) 連線訊號，正在進行 5 秒抗推播驗證...
[2026-09-28 15:23:29] [FILTERED] 偵測到 Apple iPhone (手機) APNs背景推播 (喚醒 1.8s < 5s)，已自動靜默過濾！
[2026-09-28 15:23:29] [CHECKING] 偵測到 Apple iPhone (手機) 連線訊號，正在進行 5 秒抗推播驗證...
[2026-09-28 15:23:29] [FILTERED] 偵測到 Apple iPhone (手機) APNs背景推播 (喚醒 0.3s < 5s)，已自動靜默過濾！
[2026-09-28 15:23:30] [CHECKING] 偵測到 Apple iPhone (手機) 連線訊號，正在進行 5 秒抗推播驗證...
[2026-09-28 15:23:31] [FILTERED] 偵測到 Apple iPhone (手機) APNs背景推播 (喚醒 1.3s < 5s)，已自動靜默過濾！
[2026-09-28 15:23:31] [CHECKING] 偵測到 Apple iPhone (手機) 連線訊號，正在進行 5 秒抗推播驗證...
[2026-09-28 15:23:34] [FILTERED] 偵測到 Apple iPhone (手機) APNs背景推播 (喚醒 2.4s < 5s)，已自動靜默過濾！
[2026-09-28 15:23:34] [CHECKING] 偵測到 Apple iPhone (手機) 連線訊號，正在進行 5 秒抗推播驗證...
[2026-09-28 15:23:34] [FILTERED] 偵測到 Apple iPhone (手機) APNs背景推播 (喚醒 0.5s < 5s)，已自動靜默過濾！
[2026-09-28 15:23:34] [CHECKING] 偵測到 Apple iPhone (手機) 連線訊號，正在進行 5 秒抗推播驗證...
[2026-09-28 15:23:39] [FILTERED] 偵測到 Apple iPhone (手機) APNs背景推播 (喚醒 4.2s < 5s)，已自動靜默過濾！
[2026-09-28 15:23:39] [CHECKING] 偵測到 Apple iPhone (手機) 連線訊號，正在進行 5 秒抗推播驗證...
[2026-09-28 15:23:39] [FILTERED] 偵測到 Apple iPhone (手機) APNs背景推播 (喚醒 0.4s < 5s)，已自動靜默過濾！
[2026-09-28 15:23:40] [CHECKING] 偵測到 Apple iPhone (手機) 連線訊號，正在進行 5 秒抗推播驗證...
[2026-09-28 15:23:40] [FILTERED] 偵測到 Apple iPhone (手機) APNs背景推播 (喚醒 0.7s < 5s)，已自動靜默過濾！
[2026-09-28 15:23:41] [CHECKING] 偵測到 Apple iPhone (手機) 連線訊號，正在進行 5 秒抗推播驗證...
[2026-09-28 15:23:41] [FILTERED] 偵測到 Apple iPhone (手機) APNs背景推播 (喚醒 0.7s < 5s)，已自動靜默過濾！
[2026-09-28 15:23:42] [CHECKING] 偵測到 Apple iPhone (手機) 連線訊號，正在進行 5 秒抗推播驗證...
[2026-09-28 15:23:44] [FILTERED] 偵測到 Apple iPhone (手機) APNs背景推播 (喚醒 2.0s < 5s)，已自動靜默過濾！
[2026-09-28 15:23:44] [CHECKING] 偵測到 Apple iPhone (手機) 連線訊號，正在進行 5 秒抗推播驗證...
[2026-09-28 15:23:45] [FILTERED] 偵測到 Apple iPhone (手機) APNs背景推播 (喚醒 1.1s < 5s)，已自動靜默過濾！
[2026-09-28 15:23:45] [CHECKING] 偵測到 Apple iPhone (手機) 連線訊號，正在進行 5 秒抗推播驗證...
[2026-09-28 15:23:46] [FILTERED] 偵測到 Apple iPhone (手機) APNs背景推播 (喚醒 1.0s < 5s)，已自動靜默過濾！
[2026-09-28 15:23:46] [CHECKING] 偵測到 Apple iPhone (手機) 連線訊號，正在進行 5 秒抗推播驗證...
[2026-09-28 15:23:47] [FILTERED] 偵測到 Apple iPhone (手機) APNs背景推播 (喚醒 1.0s < 5s)，已自動靜默過濾！
[2026-09-28 15:23:47] [CHECKING] 偵測到 Apple iPhone (手機) 連線訊號，正在進行 5 秒抗推播驗證...
[2026-09-28 15:23:49] [FILTERED] 偵測到 Apple iPhone (手機) APNs背景推播 (喚醒 1.6s < 5s)，已自動靜默過濾！
[2026-09-28 15:23:49] [CHECKING] 偵測到 Apple iPhone (手機) 連線訊號，正在進行 5 秒抗推播驗證...
[2026-09-28 15:23:50] [FILTERED] 偵測到 Apple iPhone (手機) APNs背景推播 (喚醒 1.1s < 5s)，已自動靜默過濾！
[2026-09-28 15:23:50] [CHECKING] 偵測到 Apple iPhone (手機) 連線訊號，正在進行 5 秒抗推播驗證...
[2026-09-28 15:23:51] [FILTERED] 偵測到 Apple iPhone (手機) APNs背景推播 (喚醒 0.6s < 5s)，已自動靜默過濾！
[2026-09-28 15:23:51] [CHECKING] 偵測到 Apple iPhone (手機) 連線訊號，正在進行 5 秒抗推播驗證...
[2026-09-28 15:23:52] [FILTERED] 偵測到 Apple iPhone (手機) APNs背景推播 (喚醒 1.6s < 5s)，已自動靜默過濾！
[2026-09-28 15:23:53] [CHECKING] 偵測到 Apple iPhone (手機) 連線訊號，正在進行 5 秒抗推播驗證...
[2026-09-28 15:23:58] >>> [DEVICE ONLINE] Apple iPhone (手機) 已點亮螢幕解鎖 (連線已達 5.2 秒，通過 iOS 驗證)！<<<
[2026-09-28 15:24:08] --- [OFFLINE] Apple iPhone (手機) 已鎖定休眠 / 離線 (本次使用 15 秒) ---
[2026-09-28 15:24:08] [CHECKING] 偵測到 Apple iPhone (手機) 連線訊號，正在進行 5 秒抗推播驗證...
[2026-09-28 15:24:08] [FILTERED] 偵測到 Apple iPhone (手機) APNs背景推播 (喚醒 0.6s < 5s)，已自動靜默過濾！
[2026-09-28 15:24:09] [CHECKING] 偵測到 Apple iPhone (手機) 連線訊號，正在進行 5 秒抗推播驗證...
[2026-09-28 15:24:10] [FILTERED] 偵測到 Apple iPhone (手機) APNs背景推播 (喚醒 1.2s < 5s)，已自動靜默過濾！
[2026-09-28 15:24:10] [CHECKING] 偵測到 Apple iPhone (手機) 連線訊號，正在進行 5 秒抗推播驗證...
[2026-09-28 15:24:11] [FILTERED] 偵測到 Apple iPhone (手機) APNs背景推播 (喚醒 0.8s < 5s)，已自動靜默過濾！
[2026-09-28 15:24:11] [CHECKING] 偵測到 Apple iPhone (手機) 連線訊號，正在進行 5 秒抗推播驗證...
[2026-09-28 15:24:11] [FILTERED] 偵測到 Apple iPhone (手機) APNs背景推播 (喚醒 0.6s < 5s)，已自動靜默過濾！
[2026-09-28 15:24:12] [CHECKING] 偵測到 Apple iPhone (手機) 連線訊號，正在進行 5 秒抗推播驗證...
[2026-09-28 15:24:13] [FILTERED] 偵測到 Apple iPhone (手機) APNs背景推播 (喚醒 1.0s < 5s)，已自動靜默過濾！
[2026-09-28 15:24:13] [CHECKING] 偵測到 Apple iPhone (手機) 連線訊號，正在進行 5 秒抗推播驗證...
[2026-09-28 15:24:14] [FILTERED] 偵測到 Apple iPhone (手機) APNs背景推播 (喚醒 1.1s < 5s)，已自動靜默過濾！
[2026-09-28 15:24:14] [CHECKING] 偵測到 Apple iPhone (手機) 連線訊號，正在進行 5 秒抗推播驗證...
[2026-09-28 15:24:15] [FILTERED] 偵測到 Apple iPhone (手機) APNs背景推播 (喚醒 0.8s < 5s)，已自動靜默過濾！
[2026-09-28 15:24:15] [CHECKING] 偵測到 Apple iPhone (手機) 連線訊號，正在進行 5 秒抗推播驗證...
[2026-09-28 15:24:18] [FILTERED] 偵測到 Apple iPhone (手機) APNs背景推播 (喚醒 3.1s < 5s)，已自動靜默過濾！
[2026-09-28 15:24:18] [CHECKING] 偵測到 Apple iPhone (手機) 連線訊號，正在進行 5 秒抗推播驗證...
[2026-09-28 15:24:19] [FILTERED] 偵測到 Apple iPhone (手機) APNs背景推播 (喚醒 1.2s < 5s)，已自動靜默過濾！
[2026-09-28 15:24:19] [CHECKING] 偵測到 Apple iPhone (手機) 連線訊號，正在進行 5 秒抗推播驗證...
[2026-09-28 15:24:24] [FILTERED] 偵測到 Apple iPhone (手機) APNs背景推播 (喚醒 4.5s < 5s)，已自動靜默過濾！
[2026-09-28 15:24:24] [CHECKING] 偵測到 Apple iPhone (手機) 連線訊號，正在進行 5 秒抗推播驗證...
[2026-09-28 15:24:26] [FILTERED] 偵測到 Apple iPhone (手機) APNs背景推播 (喚醒 1.5s < 5s)，已自動靜默過濾！
[2026-09-28 15:24:26] [CHECKING] 偵測到 Apple iPhone (手機) 連線訊號，正在進行 5 秒抗推播驗證...
[2026-09-28 15:24:28] [FILTERED] 偵測到 Apple iPhone (手機) APNs背景推播 (喚醒 2.0s < 5s)，已自動靜默過濾！
[2026-09-28 15:24:28] [CHECKING] 偵測到 Apple iPhone (手機) 連線訊號，正在進行 5 秒抗推播驗證...
[2026-09-28 15:24:30] [FILTERED] 偵測到 Apple iPhone (手機) APNs背景推播 (喚醒 2.1s < 5s)，已自動靜默過濾！
[2026-09-28 15:24:30] [CHECKING] 偵測到 Apple iPhone (手機) 連線訊號，正在進行 5 秒抗推播驗證...
[2026-09-28 15:24:35] [FILTERED] 偵測到 Apple iPhone (手機) APNs背景推播 (喚醒 5.1s < 5s)，已自動靜默過濾！
[2026-09-28 15:24:35] [CHECKING] 偵測到 Apple iPhone (手機) 連線訊號，正在進行 5 秒抗推播驗證...
[2026-09-28 15:24:38] [FILTERED] 偵測到 Apple iPhone (手機) APNs背景推播 (喚醒 2.6s < 5s)，已自動靜默過濾！
[2026-09-28 15:24:38] [CHECKING] 偵測到 Apple iPhone (手機) 連線訊號，正在進行 5 秒抗推播驗證...
[2026-09-28 15:24:38] [FILTERED] 偵測到 Apple iPhone (手機) APNs背景推播 (喚醒 0.4s < 5s)，已自動靜默過濾！
[2026-09-28 15:24:38] [CHECKING] 偵測到 Apple iPhone (手機) 連線訊號，正在進行 5 秒抗推播驗證...
[2026-09-28 15:24:41] [FILTERED] 偵測到 Apple iPhone (手機) APNs背景推播 (喚醒 2.6s < 5s)，已自動靜默過濾！
[2026-09-28 15:24:41] [CHECKING] 偵測到 Apple iPhone (手機) 連線訊號，正在進行 5 秒抗推播驗證...
[2026-09-28 15:24:41] [FILTERED] 偵測到 Apple iPhone (手機) APNs背景推播 (喚醒 0.3s < 5s)，已自動靜默過濾！
[2026-09-28 15:24:42] [CHECKING] 偵測到 Apple iPhone (手機) 連線訊號，正在進行 5 秒抗推播驗證...
[2026-09-28 15:24:42] [FILTERED] 偵測到 Apple iPhone (手機) APNs背景推播 (喚醒 0.6s < 5s)，已自動靜默過濾！
[2026-09-28 15:24:42] [CHECKING] 偵測到 Apple iPhone (手機) 連線訊號，正在進行 5 秒抗推播驗證...
[2026-09-28 15:24:45] [FILTERED] 偵測到 Apple iPhone (手機) APNs背景推播 (喚醒 2.8s < 5s)，已自動靜默過濾！
[2026-09-28 15:24:45] [CHECKING] 偵測到 Apple iPhone (手機) 連線訊號，正在進行 5 秒抗推播驗證...
[2026-09-28 15:24:47] [FILTERED] 偵測到 Apple iPhone (手機) APNs背景推播 (喚醒 1.4s < 5s)，已自動靜默過濾！
[2026-09-28 15:24:47] [CHECKING] 偵測到 Apple iPhone (手機) 連線訊號，正在進行 5 秒抗推播驗證...
[2026-09-28 15:24:50] [FILTERED] 偵測到 Apple iPhone (手機) APNs背景推播 (喚醒 3.0s < 5s)，已自動靜默過濾！
[2026-09-28 15:24:50] [CHECKING] 偵測到 Apple iPhone (手機) 連線訊號，正在進行 5 秒抗推播驗證...
[2026-09-28 15:24:55] >>> [DEVICE ONLINE] Apple iPhone (手機) 已點亮螢幕解鎖 (連線已達 5.0 秒，通過 iOS 驗證)！<<<
[2026-09-28 15:24:57] --- [OFFLINE] Apple iPhone (手機) 已鎖定休眠 / 離線 (本次使用 6 秒) ---
[2026-09-28 15:24:57] [CHECKING] 偵測到 Apple iPhone (手機) 連線訊號，正在進行 5 秒抗推播驗證...
[2026-09-28 15:24:59] [FILTERED] 偵測到 Apple iPhone (手機) APNs背景推播 (喚醒 1.7s < 5s)，已自動靜默過濾！
[2026-09-28 15:24:59] [CHECKING] 偵測到 Apple iPhone (手機) 連線訊號，正在進行 5 秒抗推播驗證...
[2026-09-28 15:25:00] [FILTERED] 偵測到 Apple iPhone (手機) APNs背景推播 (喚醒 1.0s < 5s)，已自動靜默過濾！
[2026-09-28 15:25:00] [CHECKING] 偵測到 Apple iPhone (手機) 連線訊號，正在進行 5 秒抗推播驗證...
[2026-09-28 15:25:05] >>> [DEVICE ONLINE] Apple iPhone (手機) 已點亮螢幕解鎖 (連線已達 5.1 秒，通過 iOS 驗證)！<<<
[2026-09-28 15:25:15] [IN USE] Apple iPhone (手機) 正在使用中，本次已連線 15 秒
[2026-09-28 15:25:15] [IN USE] Apple iPhone (手機) 正在使用中，本次已連線 15 秒
[2026-09-28 15:25:15] [IN USE] Apple iPhone (手機) 正在使用中，本次已連線 15 秒
[2026-09-28 15:25:15] [IN USE] Apple iPhone (手機) 正在使用中，本次已連線 15 秒
[2026-09-28 15:25:16] [IN USE] Apple iPhone (手機) 正在使用中，本次已連線 15 秒
[2026-09-28 15:25:30] [IN USE] Apple iPhone (手機) 正在使用中，本次已連線 30 秒
[2026-09-28 15:25:30] [IN USE] Apple iPhone (手機) 正在使用中，本次已連線 30 秒
[2026-09-28 15:25:30] [IN USE] Apple iPhone (手機) 正在使用中，本次已連線 30 秒
[2026-09-28 15:25:31] [IN USE] Apple iPhone (手機) 正在使用中，本次已連線 30 秒
[2026-09-28 15:25:31] [IN USE] Apple iPhone (手機) 正在使用中，本次已連線 30 秒
[2026-09-28 15:25:45] [IN USE] Apple iPhone (手機) 正在使用中，本次已連線 45 秒
[2026-09-28 15:25:45] [IN USE] Apple iPhone (手機) 正在使用中，本次已連線 45 秒
[2026-09-28 15:25:45] [IN USE] Apple iPhone (手機) 正在使用中，本次已連線 45 秒
[2026-09-28 15:25:46] [IN USE] Apple iPhone (手機) 正在使用中，本次已連線 45 秒
[2026-09-28 15:25:46] [IN USE] Apple iPhone (手機) 正在使用中，本次已連線 45 秒
[2026-09-28 15:25:49] --- [OFFLINE] Apple iPhone (手機) 已鎖定休眠 / 離線 (本次使用 48 秒) ---
[2026-09-28 15:25:49] [CHECKING] 偵測到 Apple iPhone (手機) 連線訊號，正在進行 5 秒抗推播驗證...
[2026-09-28 15:25:49] [FILTERED] 偵測到 Apple iPhone (手機) APNs背景推播 (喚醒 0.5s < 5s)，已自動靜默過濾！
[2026-09-28 15:25:49] [CHECKING] 偵測到 Apple iPhone (手機) 連線訊號，正在進行 5 秒抗推播驗證...
[2026-09-28 15:25:51] [FILTERED] 偵測到 Apple iPhone (手機) APNs背景推播 (喚醒 1.4s < 5s)，已自動靜默過濾！
[2026-09-28 15:25:51] [CHECKING] 偵測到 Apple iPhone (手機) 連線訊號，正在進行 5 秒抗推播驗證...
[2026-09-28 15:25:51] [FILTERED] 偵測到 Apple iPhone (手機) APNs背景推播 (喚醒 0.3s < 5s)，已自動靜默過濾！
[2026-09-28 15:25:51] [CHECKING] 偵測到 Apple iPhone (手機) 連線訊號，正在進行 5 秒抗推播驗證...
[2026-09-28 15:25:56] >>> [DEVICE ONLINE] Apple iPhone (手機) 已點亮螢幕解鎖 (連線已達 5.2 秒，通過 iOS 驗證)！<<<
[2026-09-28 15:26:06] [IN USE] Apple iPhone (手機) 正在使用中，本次已連線 15 秒
[2026-09-28 15:26:06] [IN USE] Apple iPhone (手機) 正在使用中，本次已連線 15 秒
[2026-09-28 15:26:07] [IN USE] Apple iPhone (手機) 正在使用中，本次已連線 15 秒
[2026-09-28 15:26:07] [IN USE] Apple iPhone (手機) 正在使用中，本次已連線 15 秒
[2026-09-28 15:26:07] [IN USE] Apple iPhone (手機) 正在使用中，本次已連線 15 秒
[2026-09-28 15:26:21] [IN USE] Apple iPhone (手機) 正在使用中，本次已連線 30 秒
[2026-09-28 15:26:21] [IN USE] Apple iPhone (手機) 正在使用中，本次已連線 30 秒
[2026-09-28 15:26:22] [IN USE] Apple iPhone (手機) 正在使用中，本次已連線 30 秒
[2026-09-28 15:26:22] [IN USE] Apple iPhone (手機) 正在使用中，本次已連線 30 秒
[2026-09-28 15:26:22] [IN USE] Apple iPhone (手機) 正在使用中，本次已連線 30 秒
[2026-09-28 15:26:25] --- [OFFLINE] Apple iPhone (手機) 已鎖定休眠 / 離線 (本次使用 33 秒) ---
[2026-09-28 15:26:25] [CHECKING] 偵測到 Apple iPhone (手機) 連線訊號，正在進行 5 秒抗推播驗證...
[2026-09-28 15:26:26] [FILTERED] 偵測到 Apple iPhone (手機) APNs背景推播 (喚醒 0.9s < 5s)，已自動靜默過濾！
[2026-09-28 15:26:26] [CHECKING] 偵測到 Apple iPhone (手機) 連線訊號，正在進行 5 秒抗推播驗證...
[2026-09-28 15:26:26] [FILTERED] 偵測到 Apple iPhone (手機) APNs背景推播 (喚醒 0.4s < 5s)，已自動靜默過濾！
[2026-09-28 15:26:26] [CHECKING] 偵測到 Apple iPhone (手機) 連線訊號，正在進行 5 秒抗推播驗證...
[2026-09-28 15:26:27] [FILTERED] 偵測到 Apple iPhone (手機) APNs背景推播 (喚醒 0.8s < 5s)，已自動靜默過濾！
[2026-09-28 15:26:27] [CHECKING] 偵測到 Apple iPhone (手機) 連線訊號，正在進行 5 秒抗推播驗證...
[2026-09-28 15:26:29] [FILTERED] 偵測到 Apple iPhone (手機) APNs背景推播 (喚醒 1.2s < 5s)，已自動靜默過濾！
[2026-09-28 15:26:29] [CHECKING] 偵測到 Apple iPhone (手機) 連線訊號，正在進行 5 秒抗推播驗證...
[2026-09-28 15:26:30] [FILTERED] 偵測到 Apple iPhone (手機) APNs背景推播 (喚醒 1.2s < 5s)，已自動靜默過濾！
[2026-09-28 15:26:30] [CHECKING] 偵測到 Apple iPhone (手機) 連線訊號，正在進行 5 秒抗推播驗證...
[2026-09-28 15:26:35] [FILTERED] 偵測到 Apple iPhone (手機) APNs背景推播 (喚醒 4.6s < 5s)，已自動靜默過濾！
[2026-09-28 15:26:35] [CHECKING] 偵測到 Apple iPhone (手機) 連線訊號，正在進行 5 秒抗推播驗證...
[2026-09-28 15:26:38] [FILTERED] 偵測到 Apple iPhone (手機) APNs背景推播 (喚醒 3.1s < 5s)，已自動靜默過濾！
[2026-09-28 15:26:38] [CHECKING] 偵測到 Apple iPhone (手機) 連線訊號，正在進行 5 秒抗推播驗證...
[2026-09-28 15:26:38] [FILTERED] 偵測到 Apple iPhone (手機) APNs背景推播 (喚醒 0.3s < 5s)，已自動靜默過濾！
[2026-09-28 15:26:38] [CHECKING] 偵測到 Apple iPhone (手機) 連線訊號，正在進行 5 秒抗推播驗證...
[2026-09-28 15:26:39] [FILTERED] 偵測到 Apple iPhone (手機) APNs背景推播 (喚醒 0.9s < 5s)，已自動靜默過濾！
[2026-09-28 15:26:39] [CHECKING] 偵測到 Apple iPhone (手機) 連線訊號，正在進行 5 秒抗推播驗證...
[2026-09-28 15:26:40] >>> [SWITCH TARGET] 監控目標已即時切換: Apple iPhone (手機) -> 黃禹程的iPad (192.168.1.102) | MAC: 30:e0:4f:da:b9:1c <<<
[2026-09-28 15:26:40]     套用邏輯: iOS/iPadOS 5秒抗推播驗證 (門檻: 5.0s)
[2026-09-28 15:26:58] [CHECKING] 偵測到 黃禹程的iPad 連線訊號，正在進行 5 秒抗推播驗證...
[2026-09-28 15:27:01] [FILTERED] 偵測到 黃禹程的iPad APNs背景推播 (喚醒 3.2s < 5s)，已自動靜默過濾！
[2026-09-28 15:27:21] [CHECKING] 偵測到 黃禹程的iPad 連線訊號，正在進行 5 秒抗推播驗證...
[2026-09-28 15:27:24] [FILTERED] 偵測到 黃禹程的iPad APNs背景推播 (喚醒 3.2s < 5s)，已自動靜默過濾！
[2026-09-28 15:27:41] [CHECKING] 偵測到 黃禹程的iPad 連線訊號，正在進行 5 秒抗推播驗證...
[2026-09-28 15:27:44] [FILTERED] 偵測到 黃禹程的iPad APNs背景推播 (喚醒 3.2s < 5s)，已自動靜默過濾！
[2026-09-28 15:27:59] [CHECKING] 偵測到 黃禹程的iPad 連線訊號，正在進行 5 秒抗推播驗證...
[2026-09-28 15:28:00] [FILTERED] 偵測到 黃禹程的iPad APNs背景推播 (喚醒 0.7s < 5s)，已自動靜默過濾！
[2026-09-28 15:28:00] [CHECKING] 偵測到 黃禹程的iPad 連線訊號，正在進行 5 秒抗推播驗證...
[2026-09-28 15:28:03] [FILTERED] 偵測到 黃禹程的iPad APNs背景推播 (喚醒 2.4s < 5s)，已自動靜默過濾！
[2026-09-28 15:28:49] [CHECKING] 偵測到 黃禹程的iPad 連線訊號，正在進行 5 秒抗推播驗證...
[2026-09-28 15:28:52] [FILTERED] 偵測到 黃禹程的iPad APNs背景推播 (喚醒 3.0s < 5s)，已自動靜默過濾！
[2026-09-28 15:29:06] [CHECKING] 偵測到 黃禹程的iPad 連線訊號，正在進行 5 秒抗推播驗證...
[2026-09-28 15:29:09] [FILTERED] 偵測到 黃禹程的iPad APNs背景推播 (喚醒 3.1s < 5s)，已自動靜默過濾！
[2026-09-28 15:29:29] [CHECKING] 偵測到 黃禹程的iPad 連線訊號，正在進行 5 秒抗推播驗證...
[2026-09-28 15:29:32] [FILTERED] 偵測到 黃禹程的iPad APNs背景推播 (喚醒 3.1s < 5s)，已自動靜默過濾！
[2026-09-28 15:30:11] [CHECKING] 偵測到 黃禹程的iPad 連線訊號，正在進行 5 秒抗推播驗證...
[2026-09-28 15:30:14] [FILTERED] 偵測到 黃禹程的iPad APNs背景推播 (喚醒 3.2s < 5s)，已自動靜默過濾！
[2026-09-28 15:30:30] [CHECKING] 偵測到 黃禹程的iPad 連線訊號，正在進行 5 秒抗推播驗證...
[2026-09-28 15:30:33] [FILTERED] 偵測到 黃禹程的iPad APNs背景推播 (喚醒 3.2s < 5s)，已自動靜默過濾！
[2026-09-28 15:31:06] [CHECKING] 偵測到 黃禹程的iPad 連線訊號，正在進行 5 秒抗推播驗證...
[2026-09-28 15:31:09] [FILTERED] 偵測到 黃禹程的iPad APNs背景推播 (喚醒 3.2s < 5s)，已自動靜默過濾！
[2026-09-28 15:31:21] [CHECKING] 偵測到 黃禹程的iPad 連線訊號，正在進行 5 秒抗推播驗證...
[2026-09-28 15:31:24] [FILTERED] 偵測到 黃禹程的iPad APNs背景推播 (喚醒 3.0s < 5s)，已自動靜默過濾！
[2026-09-28 15:31:25] [CHECKING] 偵測到 黃禹程的iPad 連線訊號，正在進行 5 秒抗推播驗證...
[2026-09-28 15:31:28] [FILTERED] 偵測到 黃禹程的iPad APNs背景推播 (喚醒 3.0s < 5s)，已自動靜默過濾！
[2026-09-28 15:31:32] [CHECKING] 偵測到 黃禹程的iPad 連線訊號，正在進行 5 秒抗推播驗證...
[2026-09-28 15:31:34] [FILTERED] 偵測到 黃禹程的iPad APNs背景推播 (喚醒 1.8s < 5s)，已自動靜默過濾！
[2026-09-28 15:31:34] [CHECKING] 偵測到 黃禹程的iPad 連線訊號，正在進行 5 秒抗推播驗證...
[2026-09-28 15:31:35] [FILTERED] 偵測到 黃禹程的iPad APNs背景推播 (喚醒 1.2s < 5s)，已自動靜默過濾！
[2026-09-28 15:31:59] [CHECKING] 偵測到 黃禹程的iPad 連線訊號，正在進行 5 秒抗推播驗證...
[2026-09-28 15:32:02] [FILTERED] 偵測到 黃禹程的iPad APNs背景推播 (喚醒 3.1s < 5s)，已自動靜默過濾！
[2026-09-28 15:32:09] [CHECKING] 偵測到 黃禹程的iPad 連線訊號，正在進行 5 秒抗推播驗證...
[2026-09-28 15:32:12] [FILTERED] 偵測到 黃禹程的iPad APNs背景推播 (喚醒 3.1s < 5s)，已自動靜默過濾！
[2026-09-28 15:32:24] >>> [SWITCH TARGET] 監控目標已即時切換: 黃禹程的iPad -> Apple iPhone (手機) (192.168.1.114) | MAC: e2:ad:31:a3:34:92 <<<
[2026-09-28 15:32:24]     套用邏輯: iOS/iPadOS 5秒抗推播驗證 (門檻: 5.0s)
[2026-09-28 15:32:24] [CHECKING] 偵測到 Apple iPhone (手機) 連線訊號，正在進行 5 秒抗推播驗證...
[2026-09-28 15:32:25] [FILTERED] 偵測到 Apple iPhone (手機) APNs背景推播 (喚醒 0.9s < 5s)，已自動靜默過濾！
[2026-09-28 15:32:25] [CHECKING] 偵測到 Apple iPhone (手機) 連線訊號，正在進行 5 秒抗推播驗證...
[2026-09-28 15:32:28] [FILTERED] 偵測到 Apple iPhone (手機) APNs背景推播 (喚醒 3.0s < 5s)，已自動靜默過濾！
[2026-09-28 15:32:28] [CHECKING] 偵測到 Apple iPhone (手機) 連線訊號，正在進行 5 秒抗推播驗證...
[2026-09-28 15:32:31] [FILTERED] 偵測到 Apple iPhone (手機) APNs背景推播 (喚醒 3.0s < 5s)，已自動靜默過濾！
[2026-09-28 15:32:31] [CHECKING] 偵測到 Apple iPhone (手機) 連線訊號，正在進行 5 秒抗推播驗證...
[2026-09-28 15:32:34] [FILTERED] 偵測到 Apple iPhone (手機) APNs背景推播 (喚醒 2.4s < 5s)，已自動靜默過濾！
[2026-09-28 15:32:34] [CHECKING] 偵測到 Apple iPhone (手機) 連線訊號，正在進行 5 秒抗推播驗證...
[2026-09-28 15:32:35] [FILTERED] 偵測到 Apple iPhone (手機) APNs背景推播 (喚醒 1.8s < 5s)，已自動靜默過濾！
[2026-09-28 15:32:36] [CHECKING] 偵測到 Apple iPhone (手機) 連線訊號，正在進行 5 秒抗推播驗證...
[2026-09-28 15:32:37] [FILTERED] 偵測到 Apple iPhone (手機) APNs背景推播 (喚醒 1.4s < 5s)，已自動靜默過濾！
[2026-09-28 15:32:37] [CHECKING] 偵測到 Apple iPhone (手機) 連線訊號，正在進行 5 秒抗推播驗證...
[2026-09-28 15:32:37] [FILTERED] 偵測到 Apple iPhone (手機) APNs背景推播 (喚醒 0.2s < 5s)，已自動靜默過濾！
[2026-09-28 15:32:37] [CHECKING] 偵測到 Apple iPhone (手機) 連線訊號，正在進行 5 秒抗推播驗證...
[2026-09-28 15:32:38] [FILTERED] 偵測到 Apple iPhone (手機) APNs背景推播 (喚醒 0.6s < 5s)，已自動靜默過濾！
[2026-09-28 15:32:38] [CHECKING] 偵測到 Apple iPhone (手機) 連線訊號，正在進行 5 秒抗推播驗證...
[2026-09-28 15:32:39] [FILTERED] 偵測到 Apple iPhone (手機) APNs背景推播 (喚醒 1.0s < 5s)，已自動靜默過濾！
[2026-09-28 15:32:39] [CHECKING] 偵測到 Apple iPhone (手機) 連線訊號，正在進行 5 秒抗推播驗證...
[2026-09-28 15:32:40] [FILTERED] 偵測到 Apple iPhone (手機) APNs背景推播 (喚醒 0.4s < 5s)，已自動靜默過濾！
[2026-09-28 15:32:40] [CHECKING] 偵測到 Apple iPhone (手機) 連線訊號，正在進行 5 秒抗推播驗證...
[2026-09-28 15:32:41] [FILTERED] 偵測到 Apple iPhone (手機) APNs背景推播 (喚醒 1.2s < 5s)，已自動靜默過濾！
[2026-09-28 15:32:41] [CHECKING] 偵測到 Apple iPhone (手機) 連線訊號，正在進行 5 秒抗推播驗證...
[2026-09-28 15:32:45] [FILTERED] 偵測到 Apple iPhone (手機) APNs背景推播 (喚醒 4.5s < 5s)，已自動靜默過濾！
[2026-09-28 15:32:45] [CHECKING] 偵測到 Apple iPhone (手機) 連線訊號，正在進行 5 秒抗推播驗證...
[2026-09-28 15:32:46] [FILTERED] 偵測到 Apple iPhone (手機) APNs背景推播 (喚醒 0.3s < 5s)，已自動靜默過濾！
